Archive member included to satisfy reference by file (symbol)

c:/st/stm32cubeide_1.6.0/stm32cubeide/plugins/com.st.stm32cube.ide.mcu.externaltools.gnu-tools-for-stm32.9-2020-q2-update.win32_1.5.0.202011040924/tools/bin/../lib/gcc/arm-none-eabi/9.3.1/../../../../arm-none-eabi/lib/thumb/v7e-m+fp/hard\libc_nano.a(lib_a-errno.o)
                              Core/Src/syscalls.o (__errno)
c:/st/stm32cubeide_1.6.0/stm32cubeide/plugins/com.st.stm32cube.ide.mcu.externaltools.gnu-tools-for-stm32.9-2020-q2-update.win32_1.5.0.202011040924/tools/bin/../lib/gcc/arm-none-eabi/9.3.1/../../../../arm-none-eabi/lib/thumb/v7e-m+fp/hard\libc_nano.a(lib_a-exit.o)
                              c:/st/stm32cubeide_1.6.0/stm32cubeide/plugins/com.st.stm32cube.ide.mcu.externaltools.gnu-tools-for-stm32.9-2020-q2-update.win32_1.5.0.202011040924/tools/bin/../lib/gcc/arm-none-eabi/9.3.1/../../../../arm-none-eabi/lib/thumb/v7e-m+fp/hard/crt0.o (exit)
c:/st/stm32cubeide_1.6.0/stm32cubeide/plugins/com.st.stm32cube.ide.mcu.externaltools.gnu-tools-for-stm32.9-2020-q2-update.win32_1.5.0.202011040924/tools/bin/../lib/gcc/arm-none-eabi/9.3.1/../../../../arm-none-eabi/lib/thumb/v7e-m+fp/hard\libc_nano.a(lib_a-impure.o)
                              c:/st/stm32cubeide_1.6.0/stm32cubeide/plugins/com.st.stm32cube.ide.mcu.externaltools.gnu-tools-for-stm32.9-2020-q2-update.win32_1.5.0.202011040924/tools/bin/../lib/gcc/arm-none-eabi/9.3.1/../../../../arm-none-eabi/lib/thumb/v7e-m+fp/hard\libc_nano.a(lib_a-exit.o) (_global_impure_ptr)
c:/st/stm32cubeide_1.6.0/stm32cubeide/plugins/com.st.stm32cube.ide.mcu.externaltools.gnu-tools-for-stm32.9-2020-q2-update.win32_1.5.0.202011040924/tools/bin/../lib/gcc/arm-none-eabi/9.3.1/../../../../arm-none-eabi/lib/thumb/v7e-m+fp/hard\libc_nano.a(lib_a-init.o)
                              c:/st/stm32cubeide_1.6.0/stm32cubeide/plugins/com.st.stm32cube.ide.mcu.externaltools.gnu-tools-for-stm32.9-2020-q2-update.win32_1.5.0.202011040924/tools/bin/../lib/gcc/arm-none-eabi/9.3.1/../../../../arm-none-eabi/lib/thumb/v7e-m+fp/hard/crt0.o (__libc_init_array)
c:/st/stm32cubeide_1.6.0/stm32cubeide/plugins/com.st.stm32cube.ide.mcu.externaltools.gnu-tools-for-stm32.9-2020-q2-update.win32_1.5.0.202011040924/tools/bin/../lib/gcc/arm-none-eabi/9.3.1/../../../../arm-none-eabi/lib/thumb/v7e-m+fp/hard\libc_nano.a(lib_a-memset.o)
                              c:/st/stm32cubeide_1.6.0/stm32cubeide/plugins/com.st.stm32cube.ide.mcu.externaltools.gnu-tools-for-stm32.9-2020-q2-update.win32_1.5.0.202011040924/tools/bin/../lib/gcc/arm-none-eabi/9.3.1/../../../../arm-none-eabi/lib/thumb/v7e-m+fp/hard/crt0.o (memset)

Allocating common symbols
Common symbol       size              file

uart2_rx_cnt        0x1               Core/Src/User/GPIO_Task.o
uart2_flag          0x1               Core/Src/User/GPIO_Task.o
uart3_rx_cnt        0x1               Core/Src/User/GPIO_Task.o
gpio_led_can_dly    0x4               Core/Src/User/GPIO_Task.o
gpio_btn_dbc        0x4               Core/Src/User/GPIO_Task.o
tmr_uart3_rx_to     0x4               Core/Src/User/Timer_Task.o
huart3              0x84              Core/Src/main.o
speed_pulse_duty    0xc               Core/Src/User/Speed_Task.o
uart1_tx_data       0x11              Core/Src/User/GPIO_Task.o
uart2_rx_data       0x11              Core/Src/User/GPIO_Task.o
hcan                0x28              Core/Src/main.o
uart3_tx_cnt        0x1               Core/Src/User/GPIO_Task.o
uwTick              0x4               Drivers/STM32F3xx_HAL_Driver/Src/stm32f3xx_hal.o
pFlash              0x20              Drivers/STM32F3xx_HAL_Driver/Src/stm32f3xx_hal_flash.o
uart1_tx_index      0x1               Core/Src/User/GPIO_Task.o
uart3_flag          0x1               Core/Src/User/GPIO_Task.o
speed_pulse_period  0xc               Core/Src/User/Speed_Task.o
huart1              0x84              Core/Src/main.o
hdac                0x14              Core/Src/main.o
uart1_rx_cnt        0x1               Core/Src/User/GPIO_Task.o
uart2_tx_cnt        0x1               Core/Src/User/GPIO_Task.o
gpio_led_uart3_dly  0x4               Core/Src/User/GPIO_Task.o
uart3_tx_data       0x11              Core/Src/User/GPIO_Task.o
uart3_rx_data       0x11              Core/Src/User/GPIO_Task.o
uart2_tx_data       0x11              Core/Src/User/GPIO_Task.o
uart3_tx_index      0x1               Core/Src/User/GPIO_Task.o
time_base_cnt_10ms  0x4               Core/Src/User/Timer_Task.o
uart1_rx_data       0x11              Core/Src/User/GPIO_Task.o
speed_sample_cnt    0x1               Core/Src/User/Speed_Task.o
tmr_uart1_rx_to     0x4               Core/Src/User/Timer_Task.o
gpio_btn_flag       0x4               Core/Src/User/GPIO_Task.o
gpio_btn_pre        0x4               Core/Src/User/GPIO_Task.o
uart2_tx_index      0x1               Core/Src/User/GPIO_Task.o
huart2              0x84              Core/Src/main.o
gpio_led_uart1_dly  0x4               Core/Src/User/GPIO_Task.o
[...]
Memory Configuration

Name             Origin             Length             Attributes
RAM              0x0000000020000000 0x0000000000004000 xrw
FLASH            0x0000000008000000 0x0000000000010000 xr
*default*        0x0000000000000000 0xffffffffffffffff

Linker script and memory map

LOAD c:/st/stm32cubeide_1.6.0/stm32cubeide/plugins/com.st.stm32cube.ide.mcu.externaltools.gnu-tools-for-stm32.9-2020-q2-update.win32_1.5.0.202011040924/tools/bin/../lib/gcc/arm-none-eabi/9.3.1/thumb/v7e-m+fp/hard/crti.o
LOAD c:/st/stm32cubeide_1.6.0/stm32cubeide/plugins/com.st.stm32cube.ide.mcu.externaltools.gnu-tools-for-stm32.9-2020-q2-update.win32_1.5.0.202011040924/tools/bin/../lib/gcc/arm-none-eabi/9.3.1/thumb/v7e-m+fp/hard/crtbegin.o
LOAD c:/st/stm32cubeide_1.6.0/stm32cubeide/plugins/com.st.stm32cube.ide.mcu.externaltools.gnu-tools-for-stm32.9-2020-q2-update.win32_1.5.0.202011040924/tools/bin/../lib/gcc/arm-none-eabi/9.3.1/../../../../arm-none-eabi/lib/thumb/v7e-m+fp/hard/crt0.o
LOAD Core/Src/User/Buzzer_Task.o
LOAD Core/Src/User/Char_Convert.o
LOAD Core/Src/User/GPIO_Task.o
LOAD Core/Src/User/Speed_Task.o
LOAD Core/Src/User/Timer_Task.o
LOAD Core/Src/User/UART_Task.o
LOAD Core/Src/main.o
LOAD Core/Src/stm32f3xx_hal_msp.o
LOAD Core/Src/stm32f3xx_it.o
LOAD Core/Src/syscalls.o
LOAD Core/Src/sysmem.o
LOAD Core/Src/system_stm32f3xx.o
LOAD Core/Startup/startup_stm32f302r8tx.o
LOAD Drivers/STM32F3xx_HAL_Driver/Src/stm32f3xx_hal.o
LOAD Drivers/STM32F3xx_HAL_Driver/Src/stm32f3xx_hal_can.o
LOAD Drivers/STM32F3xx_HAL_Driver/Src/stm32f3xx_hal_cortex.o
LOAD Drivers/STM32F3xx_HAL_Driver/Src/stm32f3xx_hal_dac.o
LOAD Drivers/STM32F3xx_HAL_Driver/Src/stm32f3xx_hal_dac_ex.o
LOAD Drivers/STM32F3xx_HAL_Driver/Src/stm32f3xx_hal_dma.o
LOAD Drivers/STM32F3xx_HAL_Driver/Src/stm32f3xx_hal_exti.o
LOAD Drivers/STM32F3xx_HAL_Driver/Src/stm32f3xx_hal_flash.o
LOAD Drivers/STM32F3xx_HAL_Driver/Src/stm32f3xx_hal_flash_ex.o
LOAD Drivers/STM32F3xx_HAL_Driver/Src/stm32f3xx_hal_gpio.o
LOAD Drivers/STM32F3xx_HAL_Driver/Src/stm32f3xx_hal_i2c.o
LOAD Drivers/STM32F3xx_HAL_Driver/Src/stm32f3xx_hal_i2c_ex.o
LOAD Drivers/STM32F3xx_HAL_Driver/Src/stm32f3xx_hal_pwr.o
LOAD Drivers/STM32F3xx_HAL_Driver/Src/stm32f3xx_hal_pwr_ex.o
LOAD Drivers/STM32F3xx_HAL_Driver/Src/stm32f3xx_hal_rcc.o
LOAD Drivers/STM32F3xx_HAL_Driver/Src/stm32f3xx_hal_rcc_ex.o
LOAD Drivers/STM32F3xx_HAL_Driver/Src/stm32f3xx_hal_tim.o
LOAD Drivers/STM32F3xx_HAL_Driver/Src/stm32f3xx_hal_tim_ex.o
LOAD Drivers/STM32F3xx_HAL_Driver/Src/stm32f3xx_hal_uart.o
LOAD Drivers/STM32F3xx_HAL_Driver/Src/stm32f3xx_hal_uart_ex.o
START GROUP
LOAD c:/st/stm32cubeide_1.6.0/stm32cubeide/plugins/com.st.stm32cube.ide.mcu.externaltools.gnu-tools-for-stm32.9-2020-q2-update.win32_1.5.0.202011040924/tools/bin/../lib/gcc/arm-none-eabi/9.3.1/../../../../arm-none-eabi/lib/thumb/v7e-m+fp/hard\libc_nano.a
LOAD c:/st/stm32cubeide_1.6.0/stm32cubeide/plugins/com.st.stm32cube.ide.mcu.externaltools.gnu-tools-for-stm32.9-2020-q2-update.win32_1.5.0.202011040924/tools/bin/../lib/gcc/arm-none-eabi/9.3.1/../../../../arm-none-eabi/lib/thumb/v7e-m+fp/hard\libm.a
END GROUP
START GROUP
LOAD c:/st/stm32cubeide_1.6.0/stm32cubeide/plugins/com.st.stm32cube.ide.mcu.externaltools.gnu-tools-for-stm32.9-2020-q2-update.win32_1.5.0.202011040924/tools/bin/../lib/gcc/arm-none-eabi/9.3.1/thumb/v7e-m+fp/hard\libgcc.a
LOAD c:/st/stm32cubeide_1.6.0/stm32cubeide/plugins/com.st.stm32cube.ide.mcu.externaltools.gnu-tools-for-stm32.9-2020-q2-update.win32_1.5.0.202011040924/tools/bin/../lib/gcc/arm-none-eabi/9.3.1/../../../../arm-none-eabi/lib/thumb/v7e-m+fp/hard\libc_nano.a
END GROUP
START GROUP
LOAD c:/st/stm32cubeide_1.6.0/stm32cubeide/plugins/com.st.stm32cube.ide.mcu.externaltools.gnu-tools-for-stm32.9-2020-q2-update.win32_1.5.0.202011040924/tools/bin/../lib/gcc/arm-none-eabi/9.3.1/thumb/v7e-m+fp/hard\libgcc.a
LOAD c:/st/stm32cubeide_1.6.0/stm32cubeide/plugins/com.st.stm32cube.ide.mcu.externaltools.gnu-tools-for-stm32.9-2020-q2-update.win32_1.5.0.202011040924/tools/bin/../lib/gcc/arm-none-eabi/9.3.1/../../../../arm-none-eabi/lib/thumb/v7e-m+fp/hard\libc_nano.a
LOAD c:/st/stm32cubeide_1.6.0/stm32cubeide/plugins/com.st.stm32cube.ide.mcu.externaltools.gnu-tools-for-stm32.9-2020-q2-update.win32_1.5.0.202011040924/tools/bin/../lib/gcc/arm-none-eabi/9.3.1/../../../../arm-none-eabi/lib/thumb/v7e-m+fp/hard\libnosys.a
END GROUP
START GROUP
LOAD c:/st/stm32cubeide_1.6.0/stm32cubeide/plugins/com.st.stm32cube.ide.mcu.externaltools.gnu-tools-for-stm32.9-2020-q2-update.win32_1.5.0.202011040924/tools/bin/../lib/gcc/arm-none-eabi/9.3.1/thumb/v7e-m+fp/hard\libgcc.a
LOAD c:/st/stm32cubeide_1.6.0/stm32cubeide/plugins/com.st.stm32cube.ide.mcu.externaltools.gnu-tools-for-stm32.9-2020-q2-update.win32_1.5.0.202011040924/tools/bin/../lib/gcc/arm-none-eabi/9.3.1/../../../../arm-none-eabi/lib/thumb/v7e-m+fp/hard\libc_nano.a
LOAD c:/st/stm32cubeide_1.6.0/stm32cubeide/plugins/com.st.stm32cube.ide.mcu.externaltools.gnu-tools-for-stm32.9-2020-q2-update.win32_1.5.0.202011040924/tools/bin/../lib/gcc/arm-none-eabi/9.3.1/../../../../arm-none-eabi/lib/thumb/v7e-m+fp/hard\libnosys.a
END GROUP
LOAD c:/st/stm32cubeide_1.6.0/stm32cubeide/plugins/com.st.stm32cube.ide.mcu.externaltools.gnu-tools-for-stm32.9-2020-q2-update.win32_1.5.0.202011040924/tools/bin/../lib/gcc/arm-none-eabi/9.3.1/thumb/v7e-m+fp/hard/crtend.o
LOAD c:/st/stm32cubeide_1.6.0/stm32cubeide/plugins/com.st.stm32cube.ide.mcu.externaltools.gnu-tools-for-stm32.9-2020-q2-update.win32_1.5.0.202011040924/tools/bin/../lib/gcc/arm-none-eabi/9.3.1/thumb/v7e-m+fp/hard/crtn.o
                0x0000000020004000                _estack = (ORIGIN (RAM) + LENGTH (RAM))
                0x0000000000000200                _Min_Heap_Size = 0x200
                0x0000000000000400                _Min_Stack_Size = 0x400

.isr_vector     0x0000000008000000      0x188
                0x0000000008000000                . = ALIGN (0x4)
 *(.isr_vector)
 .isr_vector    0x0000000008000000      0x188 Core/Startup/startup_stm32f302r8tx.o
                0x0000000008000000                g_pfnVectors
                0x0000000008000188                . = ALIGN (0x4)

.text           0x0000000008000188     0x3ddc
                0x0000000008000188                . = ALIGN (0x4)
 *(.text)
 .text          0x0000000008000188       0x40 c:/st/stm32cubeide_1.6.0/stm32cubeide/plugins/com.st.stm32cube.ide.mcu.externaltools.gnu-tools-for-stm32.9-2020-q2-update.win32_1.5.0.202011040924/tools/bin/../lib/gcc/arm-none-eabi/9.3.1/thumb/v7e-m+fp/hard/crtbegin.o
 *(.text*)
 .text.Buzzer_On
                0x00000000080001c8       0x2c Core/Src/User/Buzzer_Task.o
                0x00000000080001c8                Buzzer_On
 .text.Buzzer_Off
                0x00000000080001f4       0x20 Core/Src/User/Buzzer_Task.o
                0x00000000080001f4                Buzzer_Off
 .text.Buzzer_Init
                0x0000000008000214       0x84 Core/Src/User/Buzzer_Task.o
                0x0000000008000214                Buzzer_Init
 .text.Char_to_Int
                0x0000000008000298       0x6e Core/Src/User/Char_Convert.o
                0x0000000008000298                Char_to_Int
 *fill*         0x0000000008000306        0x2 
 .text.GPIO_UART1_485_DE
                0x0000000008000308       0x18 Core/Src/User/GPIO_Task.o
                0x0000000008000308                GPIO_UART1_485_DE
 .text.GPIO_UART1_485_RE
                0x0000000008000320       0x1c Core/Src/User/GPIO_Task.o
                0x0000000008000320                GPIO_UART1_485_RE
 .text.GPIO_UART3_485_DE
                0x000000000800033c       0x18 Core/Src/User/GPIO_Task.o
                0x000000000800033c                GPIO_UART3_485_DE
 .text.GPIO_UART3_485_RE
                0x0000000008000354       0x1c Core/Src/User/GPIO_Task.o
                0x0000000008000354                GPIO_UART3_485_RE
 .text.GPIO_LED1_Off
                0x0000000008000370       0x1c Core/Src/User/GPIO_Task.o
                0x0000000008000370                GPIO_LED1_Off
 .text.GPIO_LED2_Off
                0x000000000800038c       0x1c Core/Src/User/GPIO_Task.o
                0x000000000800038c                GPIO_LED2_Off
 .text.GPIO_LED3_Off
                0x00000000080003a8       0x1c Core/Src/User/GPIO_Task.o
                0x00000000080003a8                GPIO_LED3_Off
 .text.GPIO_LED4_Off
                0x00000000080003c4       0x1c Core/Src/User/GPIO_Task.o
                0x00000000080003c4                GPIO_LED4_Off
 .text.GPIO_LED_CAN_Inactive
                0x00000000080003e0       0x1c Core/Src/User/GPIO_Task.o
                0x00000000080003e0                GPIO_LED_CAN_Inactive
 .text.GPIO_LED_UART1_Inactive
                0x00000000080003fc       0x1c Core/Src/User/GPIO_Task.o
                0x00000000080003fc                GPIO_LED_UART1_Inactive
 .text.GPIO_LED_UART3_Inactive
                0x0000000008000418       0x1c Core/Src/User/GPIO_Task.o
                0x0000000008000418                GPIO_LED_UART3_Inactive
 .text.GPIO_Btn_Task
                0x0000000008000434       0xe4 Core/Src/User/GPIO_Task.o
                0x0000000008000434                GPIO_Btn_Task
 .text.__NVIC_EnableIRQ
                0x0000000008000518       0x3c Core/Src/User/Speed_Task.o
 .text.Speed_Init
                0x0000000008000554       0x7c Core/Src/User/Speed_Task.o
                0x0000000008000554                Speed_Init
 .text.Speed_Calculate
                0x00000000080005d0       0x24 Core/Src/User/Speed_Task.o
                0x00000000080005d0                Speed_Calculate
 .text.Timer_Tick
                0x00000000080005f4      0x12c Core/Src/User/Timer_Task.o
                0x00000000080005f4                Timer_Tick
 .text.UART2_Rec_Task
                0x0000000008000720       0x7c Core/Src/User/UART_Task.o
                0x0000000008000720                UART2_Rec_Task
 .text.UART1_Trn_Task
                0x000000000800079c       0xc4 Core/Src/User/UART_Task.o
                0x000000000800079c                UART1_Trn_Task
 .text.UART3_Trn_Task
                0x0000000008000860       0xc4 Core/Src/User/UART_Task.o
                0x0000000008000860                UART3_Trn_Task
 .text.__NVIC_EnableIRQ
                0x0000000008000924       0x3c Core/Src/main.o
 .text.main     0x0000000008000960       0x9c Core/Src/main.o
                0x0000000008000960                main
 .text.SystemClock_Config
                0x00000000080009fc       0xb4 Core/Src/main.o
                0x00000000080009fc                SystemClock_Config
 .text.MX_CAN_Init
                0x0000000008000ab0       0x68 Core/Src/main.o
 .text.MX_DAC_Init
                0x0000000008000b18       0x7c Core/Src/main.o
 .text.MX_USART1_UART_Init
                0x0000000008000b94       0xa0 Core/Src/main.o
 .text.MX_USART2_UART_Init
                0x0000000008000c34       0xa0 Core/Src/main.o
 .text.MX_USART3_UART_Init
                0x0000000008000cd4       0xa0 Core/Src/main.o
 .text.MX_GPIO_Init
                0x0000000008000d74      0x188 Core/Src/main.o
 .text.Error_Handler
                0x0000000008000efc        0xa Core/Src/main.o
                0x0000000008000efc                Error_Handler
 *fill*         0x0000000008000f06        0x2 
 .text.HAL_MspInit
                0x0000000008000f08       0x48 Core/Src/stm32f3xx_hal_msp.o
                0x0000000008000f08                HAL_MspInit
 .text.HAL_CAN_MspInit
                0x0000000008000f50       0x88 Core/Src/stm32f3xx_hal_msp.o
                0x0000000008000f50                HAL_CAN_MspInit
 .text.HAL_DAC_MspInit
                0x0000000008000fd8       0x7c Core/Src/stm32f3xx_hal_msp.o
                0x0000000008000fd8                HAL_DAC_MspInit
 .text.HAL_UART_MspInit
                0x0000000008001054      0x180 Core/Src/stm32f3xx_hal_msp.o
                0x0000000008001054                HAL_UART_MspInit
 .text.NMI_Handler
                0x00000000080011d4        0x6 Core/Src/stm32f3xx_it.o
                0x00000000080011d4                NMI_Handler
 .text.HardFault_Handler
                0x00000000080011da        0x6 Core/Src/stm32f3xx_it.o
                0x00000000080011da                HardFault_Handler
 .text.MemManage_Handler
                0x00000000080011e0        0x6 Core/Src/stm32f3xx_it.o
                0x00000000080011e0                MemManage_Handler
 .text.BusFault_Handler
                0x00000000080011e6        0x6 Core/Src/stm32f3xx_it.o
                0x00000000080011e6                BusFault_Handler
 .text.UsageFault_Handler
                0x00000000080011ec        0x6 Core/Src/stm32f3xx_it.o
                0x00000000080011ec                UsageFault_Handler
 .text.SVC_Handler
                0x00000000080011f2        0xe Core/Src/stm32f3xx_it.o
                0x00000000080011f2                SVC_Handler
 .text.DebugMon_Handler
                0x0000000008001200        0xe Core/Src/stm32f3xx_it.o
                0x0000000008001200                DebugMon_Handler
 .text.PendSV_Handler
                0x000000000800120e        0xe Core/Src/stm32f3xx_it.o
                0x000000000800120e                PendSV_Handler
 .text.SysTick_Handler
                0x000000000800121c       0x1c Core/Src/stm32f3xx_it.o
                0x000000000800121c                SysTick_Handler
 .text.USART1_IRQHandler
                0x0000000008001238       0x70 Core/Src/stm32f3xx_it.o
                0x0000000008001238                USART1_IRQHandler
 .text.USART2_IRQHandler
                0x00000000080012a8       0x84 Core/Src/stm32f3xx_it.o
                0x00000000080012a8                USART2_IRQHandler
 .text.USART3_IRQHandler
                0x000000000800132c       0x70 Core/Src/stm32f3xx_it.o
                0x000000000800132c                USART3_IRQHandler
 .text.TIM2_IRQHandler
                0x000000000800139c       0x90 Core/Src/stm32f3xx_it.o
                0x000000000800139c                TIM2_IRQHandler
 .text.SystemInit
                0x000000000800142c       0x24 Core/Src/system_stm32f3xx.o
                0x000000000800142c                SystemInit
 .text.Reset_Handler
                0x0000000008001450       0x50 Core/Startup/startup_stm32f302r8tx.o
                0x0000000008001450                Reset_Handler
 .text.Default_Handler
                0x00000000080014a0        0x2 Core/Startup/startup_stm32f302r8tx.o
                0x00000000080014a0                RTC_Alarm_IRQHandler
                0x00000000080014a0                TIM1_CC_IRQHandler
                0x00000000080014a0                USB_HP_IRQHandler
                0x00000000080014a0                PVD_IRQHandler
                0x00000000080014a0                TAMP_STAMP_IRQHandler
                0x00000000080014a0                EXTI3_IRQHandler
                0x00000000080014a0                I2C3_ER_IRQHandler
                0x00000000080014a0                USB_HP_CAN_TX_IRQHandler
                0x00000000080014a0                EXTI0_IRQHandler
                0x00000000080014a0                I2C2_EV_IRQHandler
                0x00000000080014a0                FPU_IRQHandler
                0x00000000080014a0                TIM1_UP_TIM16_IRQHandler
                0x00000000080014a0                CAN_SCE_IRQHandler
                0x00000000080014a0                TIM6_DAC_IRQHandler
                0x00000000080014a0                DMA1_Channel4_IRQHandler
                0x00000000080014a0                ADC1_IRQHandler
                0x00000000080014a0                DMA1_Channel7_IRQHandler
                0x00000000080014a0                CAN_RX1_IRQHandler
                0x00000000080014a0                I2C1_EV_IRQHandler
                0x00000000080014a0                DMA1_Channel6_IRQHandler
                0x00000000080014a0                RCC_IRQHandler
                0x00000000080014a0                DMA1_Channel1_IRQHandler
                0x00000000080014a0                Default_Handler
                0x00000000080014a0                USBWakeUp_RMP_IRQHandler
                0x00000000080014a0                EXTI15_10_IRQHandler
                0x00000000080014a0                COMP2_IRQHandler
                0x00000000080014a0                I2C3_EV_IRQHandler
                0x00000000080014a0                EXTI9_5_IRQHandler
                0x00000000080014a0                RTC_WKUP_IRQHandler
                0x00000000080014a0                SPI2_IRQHandler
                0x00000000080014a0                USB_LP_CAN_RX0_IRQHandler
                0x00000000080014a0                DMA1_Channel5_IRQHandler
                0x00000000080014a0                USB_LP_IRQHandler
                0x00000000080014a0                EXTI4_IRQHandler
                0x00000000080014a0                TIM1_TRG_COM_TIM17_IRQHandler
                0x00000000080014a0                DMA1_Channel3_IRQHandler
                0x00000000080014a0                WWDG_IRQHandler
                0x00000000080014a0                EXTI1_IRQHandler
                0x00000000080014a0                COMP4_6_IRQHandler
                0x00000000080014a0                I2C2_ER_IRQHandler
                0x00000000080014a0                DMA1_Channel2_IRQHandler
                0x00000000080014a0                FLASH_IRQHandler
                0x00000000080014a0                SPI3_IRQHandler
                0x00000000080014a0                I2C1_ER_IRQHandler
                0x00000000080014a0                USBWakeUp_IRQHandler
                0x00000000080014a0                EXTI2_TSC_IRQHandler
                0x00000000080014a0                TIM1_BRK_TIM15_IRQHandler
 *fill*         0x00000000080014a2        0x2 
 .text.HAL_Init
                0x00000000080014a4       0x2c Drivers/STM32F3xx_HAL_Driver/Src/stm32f3xx_hal.o
                0x00000000080014a4                HAL_Init
 .text.HAL_InitTick
                0x00000000080014d0       0x60 Drivers/STM32F3xx_HAL_Driver/Src/stm32f3xx_hal.o
                0x00000000080014d0                HAL_InitTick
 .text.HAL_IncTick
                0x0000000008001530       0x28 Drivers/STM32F3xx_HAL_Driver/Src/stm32f3xx_hal.o
                0x0000000008001530                HAL_IncTick
 .text.HAL_GetTick
                0x0000000008001558       0x18 Drivers/STM32F3xx_HAL_Driver/Src/stm32f3xx_hal.o
                0x0000000008001558                HAL_GetTick
 .text.HAL_CAN_Init
                0x0000000008001570      0x1f6 Drivers/STM32F3xx_HAL_Driver/Src/stm32f3xx_hal_can.o
                0x0000000008001570                HAL_CAN_Init
 *fill*         0x0000000008001766        0x2 
 .text.__NVIC_SetPriorityGrouping
                0x0000000008001768       0x48 Drivers/STM32F3xx_HAL_Driver/Src/stm32f3xx_hal_cortex.o
 .text.__NVIC_GetPriorityGrouping
                0x00000000080017b0       0x1c Drivers/STM32F3xx_HAL_Driver/Src/stm32f3xx_hal_cortex.o
 .text.__NVIC_EnableIRQ
                0x00000000080017cc       0x3c Drivers/STM32F3xx_HAL_Driver/Src/stm32f3xx_hal_cortex.o
 .text.__NVIC_SetPriority
                0x0000000008001808       0x54 Drivers/STM32F3xx_HAL_Driver/Src/stm32f3xx_hal_cortex.o
 .text.NVIC_EncodePriority
                0x000000000800185c       0x66 Drivers/STM32F3xx_HAL_Driver/Src/stm32f3xx_hal_cortex.o
 *fill*         0x00000000080018c2        0x2 
 .text.SysTick_Config
                0x00000000080018c4       0x44 Drivers/STM32F3xx_HAL_Driver/Src/stm32f3xx_hal_cortex.o
 .text.HAL_NVIC_SetPriorityGrouping
                0x0000000008001908       0x16 Drivers/STM32F3xx_HAL_Driver/Src/stm32f3xx_hal_cortex.o
                0x0000000008001908                HAL_NVIC_SetPriorityGrouping
 .text.HAL_NVIC_SetPriority
                0x000000000800191e       0x38 Drivers/STM32F3xx_HAL_Driver/Src/stm32f3xx_hal_cortex.o
                0x000000000800191e                HAL_NVIC_SetPriority
 .text.HAL_NVIC_EnableIRQ
                0x0000000008001956       0x1c Drivers/STM32F3xx_HAL_Driver/Src/stm32f3xx_hal_cortex.o
                0x0000000008001956                HAL_NVIC_EnableIRQ
 .text.HAL_SYSTICK_Config
                0x0000000008001972       0x18 Drivers/STM32F3xx_HAL_Driver/Src/stm32f3xx_hal_cortex.o
                0x0000000008001972                HAL_SYSTICK_Config
 .text.HAL_DAC_Init
                0x000000000800198a       0x44 Drivers/STM32F3xx_HAL_Driver/Src/stm32f3xx_hal_dac.o
                0x000000000800198a                HAL_DAC_Init
 .text.HAL_DAC_ConfigChannel
                0x00000000080019ce       0x9a Drivers/STM32F3xx_HAL_Driver/Src/stm32f3xx_hal_dac_ex.o
                0x00000000080019ce                HAL_DAC_ConfigChannel
 .text.HAL_DMA_Abort
                0x0000000008001a68       0x72 Drivers/STM32F3xx_HAL_Driver/Src/stm32f3xx_hal_dma.o
                0x0000000008001a68                HAL_DMA_Abort
 .text.HAL_DMA_Abort_IT
                0x0000000008001ada       0x7c Drivers/STM32F3xx_HAL_Driver/Src/stm32f3xx_hal_dma.o
                0x0000000008001ada                HAL_DMA_Abort_IT
 *fill*         0x0000000008001b56        0x2 
 .text.HAL_GPIO_Init
                0x0000000008001b58      0x2e4 Drivers/STM32F3xx_HAL_Driver/Src/stm32f3xx_hal_gpio.o
                0x0000000008001b58                HAL_GPIO_Init
 .text.HAL_GPIO_WritePin
                0x0000000008001e3c       0x30 Drivers/STM32F3xx_HAL_Driver/Src/stm32f3xx_hal_gpio.o
                0x0000000008001e3c                HAL_GPIO_WritePin
 .text.HAL_RCC_OscConfig
                0x0000000008001e6c      0xe10 Drivers/STM32F3xx_HAL_Driver/Src/stm32f3xx_hal_rcc.o
                0x0000000008001e6c                HAL_RCC_OscConfig
 .text.HAL_RCC_ClockConfig
                0x0000000008002c7c      0x2f8 Drivers/STM32F3xx_HAL_Driver/Src/stm32f3xx_hal_rcc.o
                0x0000000008002c7c                HAL_RCC_ClockConfig
 .text.HAL_RCC_GetSysClockFreq
                0x0000000008002f74       0xd4 Drivers/STM32F3xx_HAL_Driver/Src/stm32f3xx_hal_rcc.o
                0x0000000008002f74                HAL_RCC_GetSysClockFreq
 .text.HAL_RCC_GetHCLKFreq
                0x0000000008003048       0x18 Drivers/STM32F3xx_HAL_Driver/Src/stm32f3xx_hal_rcc.o
                0x0000000008003048                HAL_RCC_GetHCLKFreq
 .text.HAL_RCC_GetPCLK1Freq
                0x0000000008003060       0x44 Drivers/STM32F3xx_HAL_Driver/Src/stm32f3xx_hal_rcc.o
                0x0000000008003060                HAL_RCC_GetPCLK1Freq
 .text.HAL_RCC_GetPCLK2Freq
                0x00000000080030a4       0x44 Drivers/STM32F3xx_HAL_Driver/Src/stm32f3xx_hal_rcc.o
                0x00000000080030a4                HAL_RCC_GetPCLK2Freq
 .text.HAL_RCCEx_PeriphCLKConfig
                0x00000000080030e8      0x324 Drivers/STM32F3xx_HAL_Driver/Src/stm32f3xx_hal_rcc_ex.o
                0x00000000080030e8                HAL_RCCEx_PeriphCLKConfig
 .text.HAL_UART_Init
                0x000000000800340c       0x9c Drivers/STM32F3xx_HAL_Driver/Src/stm32f3xx_hal_uart.o
                0x000000000800340c                HAL_UART_Init
 .text.HAL_UART_IRQHandler
                0x00000000080034a8      0x400 Drivers/STM32F3xx_HAL_Driver/Src/stm32f3xx_hal_uart.o
                0x00000000080034a8                HAL_UART_IRQHandler
 .text.HAL_UART_TxCpltCallback
                0x00000000080038a8       0x14 Drivers/STM32F3xx_HAL_Driver/Src/stm32f3xx_hal_uart.o
                0x00000000080038a8                HAL_UART_TxCpltCallback
 .text.HAL_UART_ErrorCallback
                0x00000000080038bc       0x14 Drivers/STM32F3xx_HAL_Driver/Src/stm32f3xx_hal_uart.o
                0x00000000080038bc                HAL_UART_ErrorCallback
 .text.HAL_UARTEx_RxEventCallback
                0x00000000080038d0       0x18 Drivers/STM32F3xx_HAL_Driver/Src/stm32f3xx_hal_uart.o
                0x00000000080038d0                HAL_UARTEx_RxEventCallback
 .text.UART_SetConfig
                0x00000000080038e8      0x26c Drivers/STM32F3xx_HAL_Driver/Src/stm32f3xx_hal_uart.o
                0x00000000080038e8                UART_SetConfig
 .text.UART_AdvFeatureConfig
                0x0000000008003b54      0x144 Drivers/STM32F3xx_HAL_Driver/Src/stm32f3xx_hal_uart.o
                0x0000000008003b54                UART_AdvFeatureConfig
 .text.UART_CheckIdleState
                0x0000000008003c98       0x92 Drivers/STM32F3xx_HAL_Driver/Src/stm32f3xx_hal_uart.o
                0x0000000008003c98                UART_CheckIdleState
 .text.UART_WaitOnFlagUntilTimeout
                0x0000000008003d2a       0xf8 Drivers/STM32F3xx_HAL_Driver/Src/stm32f3xx_hal_uart.o
                0x0000000008003d2a                UART_WaitOnFlagUntilTimeout
 .text.UART_EndRxTransfer
                0x0000000008003e22       0x5e Drivers/STM32F3xx_HAL_Driver/Src/stm32f3xx_hal_uart.o
 .text.UART_DMAAbortOnError
                0x0000000008003e80       0x2c Drivers/STM32F3xx_HAL_Driver/Src/stm32f3xx_hal_uart.o
 .text.UART_EndTransmit_IT
                0x0000000008003eac       0x32 Drivers/STM32F3xx_HAL_Driver/Src/stm32f3xx_hal_uart.o
 .text.HAL_UARTEx_WakeupCallback
                0x0000000008003ede       0x14 Drivers/STM32F3xx_HAL_Driver/Src/stm32f3xx_hal_uart_ex.o
                0x0000000008003ede                HAL_UARTEx_WakeupCallback
 *fill*         0x0000000008003ef2        0x2 
 .text.__libc_init_array
                0x0000000008003ef4       0x48 c:/st/stm32cubeide_1.6.0/stm32cubeide/plugins/com.st.stm32cube.ide.mcu.externaltools.gnu-tools-for-stm32.9-2020-q2-update.win32_1.5.0.202011040924/tools/bin/../lib/gcc/arm-none-eabi/9.3.1/../../../../arm-none-eabi/lib/thumb/v7e-m+fp/hard\libc_nano.a(lib_a-init.o)
                0x0000000008003ef4                __libc_init_array
 .text.memset   0x0000000008003f3c       0x10 c:/st/stm32cubeide_1.6.0/stm32cubeide/plugins/com.st.stm32cube.ide.mcu.externaltools.gnu-tools-for-stm32.9-2020-q2-update.win32_1.5.0.202011040924/tools/bin/../lib/gcc/arm-none-eabi/9.3.1/../../../../arm-none-eabi/lib/thumb/v7e-m+fp/hard\libc_nano.a(lib_a-memset.o)
                0x0000000008003f3c                memset
 *(.glue_7)
 .glue_7        0x0000000008003f4c        0x0 linker stubs
 *(.glue_7t)
 .glue_7t       0x0000000008003f4c        0x0 linker stubs
 *(.eh_frame)
 .eh_frame      0x0000000008003f4c        0x0 c:/st/stm32cubeide_1.6.0/stm32cubeide/plugins/com.st.stm32cube.ide.mcu.externaltools.gnu-tools-for-stm32.9-2020-q2-update.win32_1.5.0.202011040924/tools/bin/../lib/gcc/arm-none-eabi/9.3.1/thumb/v7e-m+fp/hard/crtbegin.o
 *(.init)
 .init          0x0000000008003f4c        0x4 c:/st/stm32cubeide_1.6.0/stm32cubeide/plugins/com.st.stm32cube.ide.mcu.externaltools.gnu-tools-for-stm32.9-2020-q2-update.win32_1.5.0.202011040924/tools/bin/../lib/gcc/arm-none-eabi/9.3.1/thumb/v7e-m+fp/hard/crti.o
                0x0000000008003f4c                _init
 .init          0x0000000008003f50        0x8 c:/st/stm32cubeide_1.6.0/stm32cubeide/plugins/com.st.stm32cube.ide.mcu.externaltools.gnu-tools-for-stm32.9-2020-q2-update.win32_1.5.0.202011040924/tools/bin/../lib/gcc/arm-none-eabi/9.3.1/thumb/v7e-m+fp/hard/crtn.o
 *(.fini)
 .fini          0x0000000008003f58        0x4 c:/st/stm32cubeide_1.6.0/stm32cubeide/plugins/com.st.stm32cube.ide.mcu.externaltools.gnu-tools-for-stm32.9-2020-q2-update.win32_1.5.0.202011040924/tools/bin/../lib/gcc/arm-none-eabi/9.3.1/thumb/v7e-m+fp/hard/crti.o
                0x0000000008003f58                _fini
 .fini          0x0000000008003f5c        0x8 c:/st/stm32cubeide_1.6.0/stm32cubeide/plugins/com.st.stm32cube.ide.mcu.externaltools.gnu-tools-for-stm32.9-2020-q2-update.win32_1.5.0.202011040924/tools/bin/../lib/gcc/arm-none-eabi/9.3.1/thumb/v7e-m+fp/hard/crtn.o
                0x0000000008003f64                . = ALIGN (0x4)
                0x0000000008003f64                _etext = .

.vfp11_veneer   0x0000000008003f64        0x0
 .vfp11_veneer  0x0000000008003f64        0x0 linker stubs

.v4_bx          0x0000000008003f64        0x0
 .v4_bx         0x0000000008003f64        0x0 linker stubs

.iplt           0x0000000008003f64        0x0
 .iplt          0x0000000008003f64        0x0 c:/st/stm32cubeide_1.6.0/stm32cubeide/plugins/com.st.stm32cube.ide.mcu.externaltools.gnu-tools-for-stm32.9-2020-q2-update.win32_1.5.0.202011040924/tools/bin/../lib/gcc/arm-none-eabi/9.3.1/thumb/v7e-m+fp/hard/crtbegin.o

.rodata         0x0000000008003f64       0x38
                0x0000000008003f64                . = ALIGN (0x4)
 *(.rodata)
 *(.rodata*)
 .rodata.AHBPrescTable
                0x0000000008003f64       0x10 Core/Src/system_stm32f3xx.o
                0x0000000008003f64                AHBPrescTable
 .rodata.APBPrescTable
                0x0000000008003f74        0x8 Core/Src/system_stm32f3xx.o
                0x0000000008003f74                APBPrescTable
 .rodata.aPLLMULFactorTable
                0x0000000008003f7c       0x10 Drivers/STM32F3xx_HAL_Driver/Src/stm32f3xx_hal_rcc.o
                0x0000000008003f7c                aPLLMULFactorTable
 .rodata.aPredivFactorTable
                0x0000000008003f8c       0x10 Drivers/STM32F3xx_HAL_Driver/Src/stm32f3xx_hal_rcc.o
                0x0000000008003f8c                aPredivFactorTable
                0x0000000008003f9c                . = ALIGN (0x4)

.rel.dyn        0x0000000008003f9c        0x0
 .rel.iplt      0x0000000008003f9c        0x0 c:/st/stm32cubeide_1.6.0/stm32cubeide/plugins/com.st.stm32cube.ide.mcu.externaltools.gnu-tools-for-stm32.9-2020-q2-update.win32_1.5.0.202011040924/tools/bin/../lib/gcc/arm-none-eabi/9.3.1/thumb/v7e-m+fp/hard/crtbegin.o

.ARM.extab      0x0000000008003f9c        0x0
                0x0000000008003f9c                . = ALIGN (0x4)
 *(.ARM.extab* .gnu.linkonce.armextab.*)
                0x0000000008003f9c                . = ALIGN (0x4)

.ARM            0x0000000008003f9c        0x0
                0x0000000008003f9c                . = ALIGN (0x4)
                0x0000000008003f9c                __exidx_start = .
 *(.ARM.exidx*)
                0x0000000008003f9c                __exidx_end = .
                0x0000000008003f9c                . = ALIGN (0x4)

.preinit_array  0x0000000008003f9c        0x0
                0x0000000008003f9c                . = ALIGN (0x4)
                0x0000000008003f9c                PROVIDE (__preinit_array_start = .)
 *(.preinit_array*)
                0x0000000008003f9c                PROVIDE (__preinit_array_end = .)
                0x0000000008003f9c                . = ALIGN (0x4)

.init_array     0x0000000008003f9c        0x4
                0x0000000008003f9c                . = ALIGN (0x4)
                0x0000000008003f9c                PROVIDE (__init_array_start = .)
 *(SORT_BY_NAME(.init_array.*))
 *(.init_array*)
 .init_array    0x0000000008003f9c        0x4 c:/st/stm32cubeide_1.6.0/stm32cubeide/plugins/com.st.stm32cube.ide.mcu.externaltools.gnu-tools-for-stm32.9-2020-q2-update.win32_1.5.0.202011040924/tools/bin/../lib/gcc/arm-none-eabi/9.3.1/thumb/v7e-m+fp/hard/crtbegin.o
                0x0000000008003fa0                PROVIDE (__init_array_end = .)
                0x0000000008003fa0                . = ALIGN (0x4)

.fini_array     0x0000000008003fa0        0x4
                0x0000000008003fa0                . = ALIGN (0x4)
                [!provide]                        PROVIDE (__fini_array_start = .)
 *(SORT_BY_NAME(.fini_array.*))
 *(.fini_array*)
 .fini_array    0x0000000008003fa0        0x4 c:/st/stm32cubeide_1.6.0/stm32cubeide/plugins/com.st.stm32cube.ide.mcu.externaltools.gnu-tools-for-stm32.9-2020-q2-update.win32_1.5.0.202011040924/tools/bin/../lib/gcc/arm-none-eabi/9.3.1/thumb/v7e-m+fp/hard/crtbegin.o
                [!provide]                        PROVIDE (__fini_array_end = .)
                0x0000000008003fa4                . = ALIGN (0x4)
                0x0000000008003fa4                _sidata = LOADADDR (.data)

.data           0x0000000020000000        0xc load address 0x0000000008003fa4
                0x0000000020000000                . = ALIGN (0x4)
                0x0000000020000000                _sdata = .
 *(.data)
 *(.data*)
 .data.SystemCoreClock
                0x0000000020000000        0x4 Core/Src/system_stm32f3xx.o
                0x0000000020000000                SystemCoreClock
 .data.uwTickPrio
                0x0000000020000004        0x4 Drivers/STM32F3xx_HAL_Driver/Src/stm32f3xx_hal.o
                0x0000000020000004                uwTickPrio
 .data.uwTickFreq
                0x0000000020000008        0x1 Drivers/STM32F3xx_HAL_Driver/Src/stm32f3xx_hal.o
                0x0000000020000008                uwTickFreq
 *(.RamFunc)
 *(.RamFunc*)
                0x000000002000000c                . = ALIGN (0x4)
 *fill*         0x0000000020000009        0x3 
                0x000000002000000c                _edata = .

.igot.plt       0x000000002000000c        0x0 load address 0x0000000008003fb0
 .igot.plt      0x000000002000000c        0x0 c:/st/stm32cubeide_1.6.0/stm32cubeide/plugins/com.st.stm32cube.ide.mcu.externaltools.gnu-tools-for-stm32.9-2020-q2-update.win32_1.5.0.202011040924/tools/bin/../lib/gcc/arm-none-eabi/9.3.1/thumb/v7e-m+fp/hard/crtbegin.o
                0x000000002000000c                . = ALIGN (0x4)

.bss            0x000000002000000c      0x2b8 load address 0x0000000008003fb0
                0x000000002000000c                _sbss = .
                0x000000002000000c                __bss_start__ = _sbss
 *(.bss)
 .bss           0x000000002000000c       0x1c c:/st/stm32cubeide_1.6.0/stm32cubeide/plugins/com.st.stm32cube.ide.mcu.externaltools.gnu-tools-for-stm32.9-2020-q2-update.win32_1.5.0.202011040924/tools/bin/../lib/gcc/arm-none-eabi/9.3.1/thumb/v7e-m+fp/hard/crtbegin.o
 *(.bss*)
 *(COMMON)
 COMMON         0x0000000020000028        0x4 Core/Src/User/Buzzer_Task.o
                0x0000000020000028                bz_dly
 COMMON         0x000000002000002c       0x9e Core/Src/User/GPIO_Task.o
                0x000000002000002c                uart2_rx_cnt
                0x000000002000002d                uart2_flag
                0x000000002000002e                uart3_rx_cnt
                0x0000000020000030                gpio_led_can_dly
                0x0000000020000034                gpio_btn_dbc
                0x0000000020000038                uart1_tx_data
                0x000000002000004c                uart2_rx_data
                0x000000002000005d                uart3_tx_cnt
                0x000000002000005e                uart1_tx_index
                0x000000002000005f                uart3_flag
                0x0000000020000060                uart1_rx_cnt
                0x0000000020000061                uart2_tx_cnt
                0x0000000020000064                gpio_led_uart3_dly
                0x0000000020000068                uart3_tx_data
                0x000000002000007c                uart3_rx_data
                0x0000000020000090                uart2_tx_data
                0x00000000200000a1                uart3_tx_index
                0x00000000200000a4                uart1_rx_data
                0x00000000200000b8                gpio_btn_flag
                0x00000000200000bc                gpio_btn_pre
                0x00000000200000c0                uart2_tx_index
                0x00000000200000c4                gpio_led_uart1_dly
                0x00000000200000c8                uart1_flag
                0x00000000200000c9                uart1_tx_cnt
 *fill*         0x00000000200000ca        0x2 
 COMMON         0x00000000200000cc       0x19 Core/Src/User/Speed_Task.o
                0x00000000200000cc                speed_pulse_duty
                0x00000000200000d8                speed_pulse_period
                0x00000000200000e4                speed_sample_cnt
 *fill*         0x00000000200000e5        0x3 
 COMMON         0x00000000200000e8       0x10 Core/Src/User/Timer_Task.o
                0x00000000200000e8                tmr_uart3_rx_to
                0x00000000200000ec                time_base_cnt_10ms
                0x00000000200000f0                tmr_uart1_rx_to
                0x00000000200000f4                tmr_uart2_rx_to
 COMMON         0x00000000200000f8      0x1c8 Core/Src/main.o
                0x00000000200000f8                huart3
                0x000000002000017c                hcan
                0x00000000200001a4                huart1
                0x0000000020000228                hdac
                0x000000002000023c                huart2
 COMMON         0x00000000200002c0        0x4 Drivers/STM32F3xx_HAL_Driver/Src/stm32f3xx_hal.o
                0x00000000200002c0                uwTick
                0x00000000200002c4                . = ALIGN (0x4)
                0x00000000200002c4                _ebss = .
                0x00000000200002c4                __bss_end__ = _ebss

._user_heap_stack
                0x00000000200002c4      0x604 load address 0x0000000008003fb0
                0x00000000200002c8                . = ALIGN (0x8)
 *fill*         0x00000000200002c4        0x4 
                [!provide]                        PROVIDE (end = .)
                0x00000000200002c8                PROVIDE (_end = .)
                0x00000000200004c8                . = (. + _Min_Heap_Size)
 *fill*         0x00000000200002c8      0x200 
                0x00000000200008c8                . = (. + _Min_Stack_Size)
 *fill*         0x00000000200004c8      0x400 
                0x00000000200008c8                . = ALIGN (0x8)

/DISCARD/
 libc.a(*)
 libm.a(*)
 libgcc.a(*)

.ARM.attributes
                0x0000000000000000       0x30
 *(.ARM.attributes)
 .ARM.attributes
                0x0000000000000000       0x1e c:/st/stm32cubeide_1.6.0/stm32cubeide/plugins/com.st.stm32cube.ide.mcu.externaltools.gnu-tools-for-stm32.9-2020-q2-update.win32_1.5.0.202011040924/tools/bin/../lib/gcc/arm-none-eabi/9.3.1/thumb/v7e-m+fp/hard/crti.o
 .ARM.attributes
                0x000000000000001e       0x34 c:/st/stm32cubeide_1.6.0/stm32cubeide/plugins/com.st.stm32cube.ide.mcu.externaltools.gnu-tools-for-stm32.9-2020-q2-update.win32_1.5.0.202011040924/tools/bin/../lib/gcc/arm-none-eabi/9.3.1/thumb/v7e-m+fp/hard/crtbegin.o
 .ARM.attributes
                0x0000000000000052       0x34 Core/Src/User/Buzzer_Task.o
 .ARM.attributes
                0x0000000000000086       0x34 Core/Src/User/Char_Convert.o
 .ARM.attributes
                0x00000000000000ba       0x34 Core/Src/User/GPIO_Task.o
 .ARM.attributes
                0x00000000000000ee       0x34 Core/Src/User/Speed_Task.o
 .ARM.attributes
                0x0000000000000122       0x34 Core/Src/User/Timer_Task.o
 .ARM.attributes
                0x0000000000000156       0x34 Core/Src/User/UART_Task.o
 .ARM.attributes
                0x000000000000018a       0x34 Core/Src/main.o
 .ARM.attributes
                0x00000000000001be       0x34 Core/Src/stm32f3xx_hal_msp.o
 .ARM.attributes
                0x00000000000001f2       0x34 Core/Src/stm32f3xx_it.o
 .ARM.attributes
                0x0000000000000226       0x34 Core/Src/system_stm32f3xx.o
 .ARM.attributes
                0x000000000000025a       0x21 Core/Startup/startup_stm32f302r8tx.o
 .ARM.attributes
                0x000000000000027b       0x34 Drivers/STM32F3xx_HAL_Driver/Src/stm32f3xx_hal.o
 .ARM.attributes
                0x00000000000002af       0x34 Drivers/STM32F3xx_HAL_Driver/Src/stm32f3xx_hal_can.o
 .ARM.attributes
                0x00000000000002e3       0x34 Drivers/STM32F3xx_HAL_Driver/Src/stm32f3xx_hal_cortex.o
 .ARM.attributes
                0x0000000000000317       0x34 Drivers/STM32F3xx_HAL_Driver/Src/stm32f3xx_hal_dac.o
 .ARM.attributes
                0x000000000000034b       0x34 Drivers/STM32F3xx_HAL_Driver/Src/stm32f3xx_hal_dac_ex.o
 .ARM.attributes
                0x000000000000037f       0x34 Drivers/STM32F3xx_HAL_Driver/Src/stm32f3xx_hal_dma.o
 .ARM.attributes
                0x00000000000003b3       0x34 Drivers/STM32F3xx_HAL_Driver/Src/stm32f3xx_hal_gpio.o
 .ARM.attributes
                0x00000000000003e7       0x34 Drivers/STM32F3xx_HAL_Driver/Src/stm32f3xx_hal_rcc.o
 .ARM.attributes
                0x000000000000041b       0x34 Drivers/STM32F3xx_HAL_Driver/Src/stm32f3xx_hal_rcc_ex.o
 .ARM.attributes
                0x000000000000044f       0x34 Drivers/STM32F3xx_HAL_Driver/Src/stm32f3xx_hal_uart.o
 .ARM.attributes
                0x0000000000000483       0x34 Drivers/STM32F3xx_HAL_Driver/Src/stm32f3xx_hal_uart_ex.o
 .ARM.attributes
                0x00000000000004b7       0x34 c:/st/stm32cubeide_1.6.0/stm32cubeide/plugins/com.st.stm32cube.ide.mcu.externaltools.gnu-tools-for-stm32.9-2020-q2-update.win32_1.5.0.202011040924/tools/bin/../lib/gcc/arm-none-eabi/9.3.1/../../../../arm-none-eabi/lib/thumb/v7e-m+fp/hard\libc_nano.a(lib_a-init.o)
 .ARM.attributes
                0x00000000000004eb       0x34 c:/st/stm32cubeide_1.6.0/stm32cubeide/plugins/com.st.stm32cube.ide.mcu.externaltools.gnu-tools-for-stm32.9-2020-q2-update.win32_1.5.0.202011040924/tools/bin/../lib/gcc/arm-none-eabi/9.3.1/../../../../arm-none-eabi/lib/thumb/v7e-m+fp/hard\libc_nano.a(lib_a-memset.o)
 .ARM.attributes
                0x000000000000051f       0x1e c:/st/stm32cubeide_1.6.0/stm32cubeide/plugins/com.st.stm32cube.ide.mcu.externaltools.gnu-tools-for-stm32.9-2020-q2-update.win32_1.5.0.202011040924/tools/bin/../lib/gcc/arm-none-eabi/9.3.1/thumb/v7e-m+fp/hard/crtn.o
OUTPUT(F302_Serial_Listener.elf elf32-littlearm)
LOAD linker stubs
LOAD c:/st/stm32cubeide_1.6.0/stm32cubeide/plugins/com.st.stm32cube.ide.mcu.externaltools.gnu-tools-for-stm32.9-2020-q2-update.win32_1.5.0.202011040924/tools/bin/../lib/gcc/arm-none-eabi/9.3.1/../../../../arm-none-eabi/lib/thumb/v7e-m+fp/hard\libc.a
LOAD c:/st/stm32cubeide_1.6.0/stm32cubeide/plugins/com.st.stm32cube.ide.mcu.externaltools.gnu-tools-for-stm32.9-2020-q2-update.win32_1.5.0.202011040924/tools/bin/../lib/gcc/arm-none-eabi/9.3.1/../../../../arm-none-eabi/lib/thumb/v7e-m+fp/hard\libm.a
LOAD c:/st/stm32cubeide_1.6.0/stm32cubeide/plugins/com.st.stm32cube.ide.mcu.externaltools.gnu-tools-for-stm32.9-2020-q2-update.win32_1.5.0.202011040924/tools/bin/../lib/gcc/arm-none-eabi/9.3.1/thumb/v7e-m+fp/hard\libgcc.a

.debug_info     0x0000000000000000     0xff6f
 .debug_info    0x0000000000000000      0xd59 Core/Src/User/Buzzer_Task.o
 .debug_info    0x0000000000000d59       0xbd Core/Src/User/Char_Convert.o
 .debug_info    0x0000000000000e16      0xe33 Core/Src/User/GPIO_Task.o
 .debug_info    0x0000000000001c49      0x6fd Core/Src/User/Speed_Task.o
 .debug_info    0x0000000000002346      0xc5b Core/Src/User/Timer_Task.o
 .debug_info    0x0000000000002fa1      0x604 Core/Src/User/UART_Task.o
 .debug_info    0x00000000000035a5     0x211e Core/Src/main.o
 .debug_info    0x00000000000056c3     0x1230 Core/Src/stm32f3xx_hal_msp.o
 .debug_info    0x00000000000068f3      0xc31 Core/Src/stm32f3xx_it.o
 .debug_info    0x0000000000007524      0x49a Core/Src/system_stm32f3xx.o
 .debug_info    0x00000000000079be       0x22 Core/Startup/startup_stm32f302r8tx.o
 .debug_info    0x00000000000079e0      0x7dd Drivers/STM32F3xx_HAL_Driver/Src/stm32f3xx_hal.o
 .debug_info    0x00000000000081bd     0x107d Drivers/STM32F3xx_HAL_Driver/Src/stm32f3xx_hal_can.o
 .debug_info    0x000000000000923a      0xc09 Drivers/STM32F3xx_HAL_Driver/Src/stm32f3xx_hal_cortex.o
 .debug_info    0x0000000000009e43      0x981 Drivers/STM32F3xx_HAL_Driver/Src/stm32f3xx_hal_dac.o
 .debug_info    0x000000000000a7c4      0x927 Drivers/STM32F3xx_HAL_Driver/Src/stm32f3xx_hal_dac_ex.o
 .debug_info    0x000000000000b0eb      0x839 Drivers/STM32F3xx_HAL_Driver/Src/stm32f3xx_hal_dma.o
 .debug_info    0x000000000000b924      0x779 Drivers/STM32F3xx_HAL_Driver/Src/stm32f3xx_hal_gpio.o
 .debug_info    0x000000000000c09d     0x15b5 Drivers/STM32F3xx_HAL_Driver/Src/stm32f3xx_hal_rcc.o
 .debug_info    0x000000000000d652      0x671 Drivers/STM32F3xx_HAL_Driver/Src/stm32f3xx_hal_rcc_ex.o
 .debug_info    0x000000000000dcc3     0x17f6 Drivers/STM32F3xx_HAL_Driver/Src/stm32f3xx_hal_uart.o
 .debug_info    0x000000000000f4b9      0xab6 Drivers/STM32F3xx_HAL_Driver/Src/stm32f3xx_hal_uart_ex.o

.debug_abbrev   0x0000000000000000     0x29f7
 .debug_abbrev  0x0000000000000000      0x1d9 Core/Src/User/Buzzer_Task.o
 .debug_abbrev  0x00000000000001d9       0x7a Core/Src/User/Char_Convert.o
 .debug_abbrev  0x0000000000000253      0x206 Core/Src/User/GPIO_Task.o
 .debug_abbrev  0x0000000000000459      0x191 Core/Src/User/Speed_Task.o
 .debug_abbrev  0x00000000000005ea      0x1ca Core/Src/User/Timer_Task.o
 .debug_abbrev  0x00000000000007b4      0x16e Core/Src/User/UART_Task.o
 .debug_abbrev  0x0000000000000922      0x32b Core/Src/main.o
 .debug_abbrev  0x0000000000000c4d      0x224 Core/Src/stm32f3xx_hal_msp.o
 .debug_abbrev  0x0000000000000e71      0x1ec Core/Src/stm32f3xx_it.o
 .debug_abbrev  0x000000000000105d      0x145 Core/Src/system_stm32f3xx.o
 .debug_abbrev  0x00000000000011a2       0x12 Core/Startup/startup_stm32f302r8tx.o
 .debug_abbrev  0x00000000000011b4      0x1ed Drivers/STM32F3xx_HAL_Driver/Src/stm32f3xx_hal.o
 .debug_abbrev  0x00000000000013a1      0x224 Drivers/STM32F3xx_HAL_Driver/Src/stm32f3xx_hal_can.o
 .debug_abbrev  0x00000000000015c5      0x313 Drivers/STM32F3xx_HAL_Driver/Src/stm32f3xx_hal_cortex.o
 .debug_abbrev  0x00000000000018d8      0x1c5 Drivers/STM32F3xx_HAL_Driver/Src/stm32f3xx_hal_dac.o
 .debug_abbrev  0x0000000000001a9d      0x212 Drivers/STM32F3xx_HAL_Driver/Src/stm32f3xx_hal_dac_ex.o
 .debug_abbrev  0x0000000000001caf      0x228 Drivers/STM32F3xx_HAL_Driver/Src/stm32f3xx_hal_dma.o
 .debug_abbrev  0x0000000000001ed7      0x1e8 Drivers/STM32F3xx_HAL_Driver/Src/stm32f3xx_hal_gpio.o
 .debug_abbrev  0x00000000000020bf      0x2c4 Drivers/STM32F3xx_HAL_Driver/Src/stm32f3xx_hal_rcc.o
 .debug_abbrev  0x0000000000002383      0x22b Drivers/STM32F3xx_HAL_Driver/Src/stm32f3xx_hal_rcc_ex.o
 .debug_abbrev  0x00000000000025ae      0x23f Drivers/STM32F3xx_HAL_Driver/Src/stm32f3xx_hal_uart.o
 .debug_abbrev  0x00000000000027ed      0x20a Drivers/STM32F3xx_HAL_Driver/Src/stm32f3xx_hal_uart_ex.o

.debug_aranges  0x0000000000000000      0xba0
 .debug_aranges
                0x0000000000000000       0x30 Core/Src/User/Buzzer_Task.o
 .debug_aranges
                0x0000000000000030       0x20 Core/Src/User/Char_Convert.o
 .debug_aranges
                0x0000000000000050       0xb0 Core/Src/User/GPIO_Task.o
 .debug_aranges
                0x0000000000000100       0x30 Core/Src/User/Speed_Task.o
 .debug_aranges
                0x0000000000000130       0x20 Core/Src/User/Timer_Task.o
 .debug_aranges
                0x0000000000000150       0x60 Core/Src/User/UART_Task.o
 .debug_aranges
                0x00000000000001b0       0x68 Core/Src/main.o
 .debug_aranges
                0x0000000000000218       0x50 Core/Src/stm32f3xx_hal_msp.o
 .debug_aranges
                0x0000000000000268       0x80 Core/Src/stm32f3xx_it.o
 .debug_aranges
                0x00000000000002e8       0x28 Core/Src/system_stm32f3xx.o
 .debug_aranges
                0x0000000000000310       0x28 Core/Startup/startup_stm32f302r8tx.o
 .debug_aranges
                0x0000000000000338       0xe0 Drivers/STM32F3xx_HAL_Driver/Src/stm32f3xx_hal.o
 .debug_aranges
                0x0000000000000418      0x138 Drivers/STM32F3xx_HAL_Driver/Src/stm32f3xx_hal_can.o
 .debug_aranges
                0x0000000000000550      0x100 Drivers/STM32F3xx_HAL_Driver/Src/stm32f3xx_hal_cortex.o
 .debug_aranges
                0x0000000000000650       0xa8 Drivers/STM32F3xx_HAL_Driver/Src/stm32f3xx_hal_dac.o
 .debug_aranges
                0x00000000000006f8       0x78 Drivers/STM32F3xx_HAL_Driver/Src/stm32f3xx_hal_dac_ex.o
 .debug_aranges
                0x0000000000000770       0x88 Drivers/STM32F3xx_HAL_Driver/Src/stm32f3xx_hal_dma.o
 .debug_aranges
                0x00000000000007f8       0x58 Drivers/STM32F3xx_HAL_Driver/Src/stm32f3xx_hal_gpio.o
 .debug_aranges
                0x0000000000000850       0x88 Drivers/STM32F3xx_HAL_Driver/Src/stm32f3xx_hal_rcc.o
 .debug_aranges
                0x00000000000008d8       0x38 Drivers/STM32F3xx_HAL_Driver/Src/stm32f3xx_hal_rcc_ex.o
 .debug_aranges
                0x0000000000000910      0x228 Drivers/STM32F3xx_HAL_Driver/Src/stm32f3xx_hal_uart.o
 .debug_aranges
                0x0000000000000b38       0x68 Drivers/STM32F3xx_HAL_Driver/Src/stm32f3xx_hal_uart_ex.o

.debug_ranges   0x0000000000000000      0xa78
 .debug_ranges  0x0000000000000000       0x20 Core/Src/User/Buzzer_Task.o
 .debug_ranges  0x0000000000000020       0x10 Core/Src/User/Char_Convert.o
 .debug_ranges  0x0000000000000030       0xa0 Core/Src/User/GPIO_Task.o
 .debug_ranges  0x00000000000000d0       0x20 Core/Src/User/Speed_Task.o
 .debug_ranges  0x00000000000000f0       0x10 Core/Src/User/Timer_Task.o
 .debug_ranges  0x0000000000000100       0x50 Core/Src/User/UART_Task.o
 .debug_ranges  0x0000000000000150       0x58 Core/Src/main.o
 .debug_ranges  0x00000000000001a8       0x40 Core/Src/stm32f3xx_hal_msp.o
 .debug_ranges  0x00000000000001e8       0x70 Core/Src/stm32f3xx_it.o
 .debug_ranges  0x0000000000000258       0x18 Core/Src/system_stm32f3xx.o
 .debug_ranges  0x0000000000000270       0x20 Core/Startup/startup_stm32f302r8tx.o
 .debug_ranges  0x0000000000000290       0xd0 Drivers/STM32F3xx_HAL_Driver/Src/stm32f3xx_hal.o
 .debug_ranges  0x0000000000000360      0x128 Drivers/STM32F3xx_HAL_Driver/Src/stm32f3xx_hal_can.o
 .debug_ranges  0x0000000000000488       0xf0 Drivers/STM32F3xx_HAL_Driver/Src/stm32f3xx_hal_cortex.o
 .debug_ranges  0x0000000000000578       0x98 Drivers/STM32F3xx_HAL_Driver/Src/stm32f3xx_hal_dac.o
 .debug_ranges  0x0000000000000610       0x68 Drivers/STM32F3xx_HAL_Driver/Src/stm32f3xx_hal_dac_ex.o
 .debug_ranges  0x0000000000000678       0x78 Drivers/STM32F3xx_HAL_Driver/Src/stm32f3xx_hal_dma.o
 .debug_ranges  0x00000000000006f0       0x48 Drivers/STM32F3xx_HAL_Driver/Src/stm32f3xx_hal_gpio.o
 .debug_ranges  0x0000000000000738       0x78 Drivers/STM32F3xx_HAL_Driver/Src/stm32f3xx_hal_rcc.o
 .debug_ranges  0x00000000000007b0       0x28 Drivers/STM32F3xx_HAL_Driver/Src/stm32f3xx_hal_rcc_ex.o
 .debug_ranges  0x00000000000007d8      0x248 Drivers/STM32F3xx_HAL_Driver/Src/stm32f3xx_hal_uart.o
 .debug_ranges  0x0000000000000a20       0x58 Drivers/STM32F3xx_HAL_Driver/Src/stm32f3xx_hal_uart_ex.o

.debug_macro    0x0000000000000000    0x1cedf
 .debug_macro   0x0000000000000000      0x339 Core/Src/User/Buzzer_Task.o
 .debug_macro   0x0000000000000339      0xaa8 Core/Src/User/Buzzer_Task.o
 .debug_macro   0x0000000000000de1       0x2e Core/Src/User/Buzzer_Task.o
 .debug_macro   0x0000000000000e0f       0x28 Core/Src/User/Buzzer_Task.o
 .debug_macro   0x0000000000000e37       0x22 Core/Src/User/Buzzer_Task.o
 .debug_macro   0x0000000000000e59       0x8e Core/Src/User/Buzzer_Task.o
 .debug_macro   0x0000000000000ee7       0x51 Core/Src/User/Buzzer_Task.o
 .debug_macro   0x0000000000000f38      0x103 Core/Src/User/Buzzer_Task.o
 .debug_macro   0x000000000000103b       0x6a Core/Src/User/Buzzer_Task.o
 .debug_macro   0x00000000000010a5      0x1df Core/Src/User/Buzzer_Task.o
 .debug_macro   0x0000000000001284       0x1c Core/Src/User/Buzzer_Task.o
 .debug_macro   0x00000000000012a0       0x22 Core/Src/User/Buzzer_Task.o
 .debug_macro   0x00000000000012c2       0xdf Core/Src/User/Buzzer_Task.o
 .debug_macro   0x00000000000013a1      0xf07 Core/Src/User/Buzzer_Task.o
 .debug_macro   0x00000000000022a8    0x110e1 Core/Src/User/Buzzer_Task.o
 .debug_macro   0x0000000000013389       0x43 Core/Src/User/Buzzer_Task.o
 .debug_macro   0x00000000000133cc      0x15d Core/Src/User/Buzzer_Task.o
 .debug_macro   0x0000000000013529     0x35e9 Core/Src/User/Buzzer_Task.o
 .debug_macro   0x0000000000016b12      0x174 Core/Src/User/Buzzer_Task.o
 .debug_macro   0x0000000000016c86       0x55 Core/Src/User/Buzzer_Task.o
 .debug_macro   0x0000000000016cdb      0x8f9 Core/Src/User/Buzzer_Task.o
 .debug_macro   0x00000000000175d4      0x41b Core/Src/User/Buzzer_Task.o
 .debug_macro   0x00000000000179ef      0x12f Core/Src/User/Buzzer_Task.o
 .debug_macro   0x0000000000017b1e      0x161 Core/Src/User/Buzzer_Task.o
 .debug_macro   0x0000000000017c7f      0x1d5 Core/Src/User/Buzzer_Task.o
 .debug_macro   0x0000000000017e54      0x1bc Core/Src/User/Buzzer_Task.o
 .debug_macro   0x0000000000018010       0x34 Core/Src/User/Buzzer_Task.o
 .debug_macro   0x0000000000018044       0x3c Core/Src/User/Buzzer_Task.o
 .debug_macro   0x0000000000018080       0x57 Core/Src/User/Buzzer_Task.o
 .debug_macro   0x00000000000180d7      0x408 Core/Src/User/Buzzer_Task.o
 .debug_macro   0x00000000000184df      0x176 Core/Src/User/Buzzer_Task.o
 .debug_macro   0x0000000000018655       0x4e Core/Src/User/Buzzer_Task.o
 .debug_macro   0x00000000000186a3       0xc5 Core/Src/User/Buzzer_Task.o
 .debug_macro   0x0000000000018768      0x19f Core/Src/User/Buzzer_Task.o
 .debug_macro   0x0000000000018907      0x22c Core/Src/User/Buzzer_Task.o
 .debug_macro   0x0000000000018b33       0x5b Core/Src/User/Buzzer_Task.o
 .debug_macro   0x0000000000018b8e       0xa5 Core/Src/User/Buzzer_Task.o
 .debug_macro   0x0000000000018c33       0x81 Core/Src/User/Buzzer_Task.o
 .debug_macro   0x0000000000018cb4       0xd3 Core/Src/User/Buzzer_Task.o
 .debug_macro   0x0000000000018d87      0x5a5 Core/Src/User/Buzzer_Task.o
 .debug_macro   0x000000000001932c       0x44 Core/Src/User/Buzzer_Task.o
 .debug_macro   0x0000000000019370      0x1f7 Core/Src/User/Buzzer_Task.o
 .debug_macro   0x0000000000019567       0x52 Core/Src/User/Buzzer_Task.o
 .debug_macro   0x00000000000195b9       0x18 Core/Src/User/Buzzer_Task.o
 .debug_macro   0x00000000000195d1       0x3c Core/Src/User/Buzzer_Task.o
 .debug_macro   0x000000000001960d       0x34 Core/Src/User/Buzzer_Task.o
 .debug_macro   0x0000000000019641       0x16 Core/Src/User/Buzzer_Task.o
 .debug_macro   0x0000000000019657       0x35 Core/Src/User/Buzzer_Task.o
 .debug_macro   0x000000000001968c      0x333 Core/Src/User/Buzzer_Task.o
 .debug_macro   0x00000000000199bf       0x10 Core/Src/User/Buzzer_Task.o
 .debug_macro   0x00000000000199cf       0x16 Core/Src/User/Buzzer_Task.o
 .debug_macro   0x00000000000199e5       0x43 Core/Src/User/Buzzer_Task.o
 .debug_macro   0x0000000000019a28       0x34 Core/Src/User/Buzzer_Task.o
 .debug_macro   0x0000000000019a5c       0x10 Core/Src/User/Buzzer_Task.o
 .debug_macro   0x0000000000019a6c       0x58 Core/Src/User/Buzzer_Task.o
 .debug_macro   0x0000000000019ac4       0x71 Core/Src/User/Buzzer_Task.o
 .debug_macro   0x0000000000019b35       0x1c Core/Src/User/Buzzer_Task.o
 .debug_macro   0x0000000000019b51      0x12a Core/Src/User/Buzzer_Task.o
 .debug_macro   0x0000000000019c7b       0x10 Core/Src/User/Buzzer_Task.o
 .debug_macro   0x0000000000019c8b       0x1c Core/Src/User/Buzzer_Task.o
 .debug_macro   0x0000000000019ca7       0x52 Core/Src/User/Buzzer_Task.o
 .debug_macro   0x0000000000019cf9       0x22 Core/Src/User/Buzzer_Task.o
 .debug_macro   0x0000000000019d1b       0x10 Core/Src/User/Buzzer_Task.o
 .debug_macro   0x0000000000019d2b       0x40 Core/Src/User/Buzzer_Task.o
 .debug_macro   0x0000000000019d6b       0xd5 Core/Src/User/Buzzer_Task.o
 .debug_macro   0x0000000000019e40       0x1c Core/Src/User/Buzzer_Task.o
 .debug_macro   0x0000000000019e5c       0x3d Core/Src/User/Buzzer_Task.o
 .debug_macro   0x0000000000019e99       0x16 Core/Src/User/Buzzer_Task.o
 .debug_macro   0x0000000000019eaf      0x145 Core/Src/User/Buzzer_Task.o
 .debug_macro   0x0000000000019ff4       0x6d Core/Src/User/Char_Convert.o
 .debug_macro   0x000000000001a061      0x34c Core/Src/User/GPIO_Task.o
 .debug_macro   0x000000000001a3ad       0x1c Core/Src/User/GPIO_Task.o
 .debug_macro   0x000000000001a3c9      0x1da Core/Src/User/Speed_Task.o
 .debug_macro   0x000000000001a5a3      0x356 Core/Src/User/Timer_Task.o
 .debug_macro   0x000000000001a8f9       0x97 Core/Src/User/Timer_Task.o
 .debug_macro   0x000000000001a990      0x339 Core/Src/User/Timer_Task.o
 .debug_macro   0x000000000001acc9       0xfd Core/Src/User/Timer_Task.o
 .debug_macro   0x000000000001adc6       0xd9 Core/Src/User/Timer_Task.o
 .debug_macro   0x000000000001ae9f       0x4f Core/Src/User/Timer_Task.o
 .debug_macro   0x000000000001aeee      0x1ed Core/Src/User/UART_Task.o
 .debug_macro   0x000000000001b0db      0x36f Core/Src/main.o
 .debug_macro   0x000000000001b44a       0x40 Core/Src/main.o
 .debug_macro   0x000000000001b48a      0x1df Core/Src/stm32f3xx_hal_msp.o
 .debug_macro   0x000000000001b669      0x210 Core/Src/stm32f3xx_it.o
 .debug_macro   0x000000000001b879      0x1d0 Core/Src/system_stm32f3xx.o
 .debug_macro   0x000000000001ba49      0x1f4 Drivers/STM32F3xx_HAL_Driver/Src/stm32f3xx_hal.o
 .debug_macro   0x000000000001bc3d      0x1d8 Drivers/STM32F3xx_HAL_Driver/Src/stm32f3xx_hal_can.o
 .debug_macro   0x000000000001be15      0x1d0 Drivers/STM32F3xx_HAL_Driver/Src/stm32f3xx_hal_cortex.o
 .debug_macro   0x000000000001bfe5      0x1d1 Drivers/STM32F3xx_HAL_Driver/Src/stm32f3xx_hal_dac.o
 .debug_macro   0x000000000001c1b6      0x1d0 Drivers/STM32F3xx_HAL_Driver/Src/stm32f3xx_hal_dac_ex.o
 .debug_macro   0x000000000001c386      0x1d0 Drivers/STM32F3xx_HAL_Driver/Src/stm32f3xx_hal_dma.o
 .debug_macro   0x000000000001c556      0x208 Drivers/STM32F3xx_HAL_Driver/Src/stm32f3xx_hal_gpio.o
 .debug_macro   0x000000000001c75e      0x1f4 Drivers/STM32F3xx_HAL_Driver/Src/stm32f3xx_hal_rcc.o
 .debug_macro   0x000000000001c952      0x1d0 Drivers/STM32F3xx_HAL_Driver/Src/stm32f3xx_hal_rcc_ex.o
 .debug_macro   0x000000000001cb22      0x1ed Drivers/STM32F3xx_HAL_Driver/Src/stm32f3xx_hal_uart.o
 .debug_macro   0x000000000001cd0f      0x1d0 Drivers/STM32F3xx_HAL_Driver/Src/stm32f3xx_hal_uart_ex.o

.debug_line     0x0000000000000000     0xeea6
 .debug_line    0x0000000000000000      0x956 Core/Src/User/Buzzer_Task.o
 .debug_line    0x0000000000000956      0x3e8 Core/Src/User/Char_Convert.o
 .debug_line    0x0000000000000d3e      0xb3c Core/Src/User/GPIO_Task.o
 .debug_line    0x000000000000187a      0x778 Core/Src/User/Speed_Task.o
 .debug_line    0x0000000000001ff2      0x994 Core/Src/User/Timer_Task.o
 .debug_line    0x0000000000002986      0x8c3 Core/Src/User/UART_Task.o
 .debug_line    0x0000000000003249      0xbf2 Core/Src/main.o
 .debug_line    0x0000000000003e3b      0x849 Core/Src/stm32f3xx_hal_msp.o
 .debug_line    0x0000000000004684      0x90f Core/Src/stm32f3xx_it.o
 .debug_line    0x0000000000004f93      0x770 Core/Src/system_stm32f3xx.o
 .debug_line    0x0000000000005703       0x88 Core/Startup/startup_stm32f302r8tx.o
 .debug_line    0x000000000000578b      0x9a5 Drivers/STM32F3xx_HAL_Driver/Src/stm32f3xx_hal.o
 .debug_line    0x0000000000006130     0x1144 Drivers/STM32F3xx_HAL_Driver/Src/stm32f3xx_hal_can.o
 .debug_line    0x0000000000007274      0xb8d Drivers/STM32F3xx_HAL_Driver/Src/stm32f3xx_hal_cortex.o
 .debug_line    0x0000000000007e01      0x8ed Drivers/STM32F3xx_HAL_Driver/Src/stm32f3xx_hal_dac.o
 .debug_line    0x00000000000086ee      0xa32 Drivers/STM32F3xx_HAL_Driver/Src/stm32f3xx_hal_dac_ex.o
 .debug_line    0x0000000000009120      0xc93 Drivers/STM32F3xx_HAL_Driver/Src/stm32f3xx_hal_dma.o
 .debug_line    0x0000000000009db3      0xafc Drivers/STM32F3xx_HAL_Driver/Src/stm32f3xx_hal_gpio.o
 .debug_line    0x000000000000a8af     0x137f Drivers/STM32F3xx_HAL_Driver/Src/stm32f3xx_hal_rcc.o
 .debug_line    0x000000000000bc2e      0xbe3 Drivers/STM32F3xx_HAL_Driver/Src/stm32f3xx_hal_rcc_ex.o
 .debug_line    0x000000000000c811     0x1c29 Drivers/STM32F3xx_HAL_Driver/Src/stm32f3xx_hal_uart.o
 .debug_line    0x000000000000e43a      0xa6c Drivers/STM32F3xx_HAL_Driver/Src/stm32f3xx_hal_uart_ex.o

.debug_str      0x0000000000000000    0xa0d15
 .debug_str     0x0000000000000000    0x9d795 Core/Src/User/Buzzer_Task.o
                                      0x9dadb (size before relaxing)
 .debug_str     0x000000000009d795       0x58 Core/Src/User/Char_Convert.o
                                       0x3d1e (size before relaxing)
 .debug_str     0x000000000009d7ed      0x33c Core/Src/User/GPIO_Task.o
                                      0x9dd34 (size before relaxing)
 .debug_str     0x000000000009db29      0x362 Core/Src/User/Speed_Task.o
                                      0x99ddd (size before relaxing)
 .debug_str     0x000000000009de8b       0x97 Core/Src/User/Timer_Task.o
                                      0x9dc08 (size before relaxing)
 .debug_str     0x000000000009df22      0x112 Core/Src/User/UART_Task.o
                                      0x99bfb (size before relaxing)
 .debug_str     0x000000000009e034      0xad4 Core/Src/main.o
                                      0x9ec5d (size before relaxing)
 .debug_str     0x000000000009eb08       0x9a Core/Src/stm32f3xx_hal_msp.o
                                      0x9a5d8 (size before relaxing)
 .debug_str     0x000000000009eba2      0x103 Core/Src/stm32f3xx_it.o
                                      0x9a1a1 (size before relaxing)
 .debug_str     0x000000000009eca5       0xb3 Core/Src/system_stm32f3xx.o
                                      0x999ee (size before relaxing)
 .debug_str     0x000000000009ed58       0x36 Core/Startup/startup_stm32f302r8tx.o
                                         0x6c (size before relaxing)
 .debug_str     0x000000000009ed8e      0x317 Drivers/STM32F3xx_HAL_Driver/Src/stm32f3xx_hal.o
                                      0x9a0a6 (size before relaxing)
 .debug_str     0x000000000009f0a5      0x56e Drivers/STM32F3xx_HAL_Driver/Src/stm32f3xx_hal_can.o
                                      0x9a195 (size before relaxing)
 .debug_str     0x000000000009f613      0x249 Drivers/STM32F3xx_HAL_Driver/Src/stm32f3xx_hal_cortex.o
                                      0x9a087 (size before relaxing)
 .debug_str     0x000000000009f85c      0x188 Drivers/STM32F3xx_HAL_Driver/Src/stm32f3xx_hal_dac.o
                                      0x99e2e (size before relaxing)
 .debug_str     0x000000000009f9e4       0xfa Drivers/STM32F3xx_HAL_Driver/Src/stm32f3xx_hal_dac_ex.o
                                      0x99de2 (size before relaxing)
 .debug_str     0x000000000009fade      0x248 Drivers/STM32F3xx_HAL_Driver/Src/stm32f3xx_hal_dma.o
                                      0x99d68 (size before relaxing)
 .debug_str     0x000000000009fd26      0x224 Drivers/STM32F3xx_HAL_Driver/Src/stm32f3xx_hal_gpio.o
                                      0x99c5d (size before relaxing)
 .debug_str     0x000000000009ff4a      0x2e9 Drivers/STM32F3xx_HAL_Driver/Src/stm32f3xx_hal_rcc.o
                                      0x99e5c (size before relaxing)
 .debug_str     0x00000000000a0233       0xd8 Drivers/STM32F3xx_HAL_Driver/Src/stm32f3xx_hal_rcc_ex.o
                                      0x99bf5 (size before relaxing)
 .debug_str     0x00000000000a030b      0x863 Drivers/STM32F3xx_HAL_Driver/Src/stm32f3xx_hal_uart.o
                                      0x9a649 (size before relaxing)
 .debug_str     0x00000000000a0b6e      0x1a7 Drivers/STM32F3xx_HAL_Driver/Src/stm32f3xx_hal_uart_ex.o
                                      0x99f32 (size before relaxing)

.comment        0x0000000000000000       0x53
 .comment       0x0000000000000000       0x53 Core/Src/User/Buzzer_Task.o
                                         0x54 (size before relaxing)
 .comment       0x0000000000000053       0x54 Core/Src/User/Char_Convert.o
 .comment       0x0000000000000053       0x54 Core/Src/User/GPIO_Task.o
 .comment       0x0000000000000053       0x54 Core/Src/User/Speed_Task.o
 .comment       0x0000000000000053       0x54 Core/Src/User/Timer_Task.o
 .comment       0x0000000000000053       0x54 Core/Src/User/UART_Task.o
 .comment       0x0000000000000053       0x54 Core/Src/main.o
 .comment       0x0000000000000053       0x54 Core/Src/stm32f3xx_hal_msp.o
 .comment       0x0000000000000053       0x54 Core/Src/stm32f3xx_it.o
 .comment       0x0000000000000053       0x54 Core/Src/system_stm32f3xx.o
 .comment       0x0000000000000053       0x54 Drivers/STM32F3xx_HAL_Driver/Src/stm32f3xx_hal.o
 .comment       0x0000000000000053       0x54 Drivers/STM32F3xx_HAL_Driver/Src/stm32f3xx_hal_can.o
 .comment       0x0000000000000053       0x54 Drivers/STM32F3xx_HAL_Driver/Src/stm32f3xx_hal_cortex.o
 .comment       0x0000000000000053       0x54 Drivers/STM32F3xx_HAL_Driver/Src/stm32f3xx_hal_dac.o
 .comment       0x0000000000000053       0x54 Drivers/STM32F3xx_HAL_Driver/Src/stm32f3xx_hal_dac_ex.o
 .comment       0x0000000000000053       0x54 Drivers/STM32F3xx_HAL_Driver/Src/stm32f3xx_hal_dma.o
 .comment       0x0000000000000053       0x54 Drivers/STM32F3xx_HAL_Driver/Src/stm32f3xx_hal_gpio.o
 .comment       0x0000000000000053       0x54 Drivers/STM32F3xx_HAL_Driver/Src/stm32f3xx_hal_rcc.o
 .comment       0x0000000000000053       0x54 Drivers/STM32F3xx_HAL_Driver/Src/stm32f3xx_hal_rcc_ex.o
 .comment       0x0000000000000053       0x54 Drivers/STM32F3xx_HAL_Driver/Src/stm32f3xx_hal_uart.o
 .comment       0x0000000000000053       0x54 Drivers/STM32F3xx_HAL_Driver/Src/stm32f3xx_hal_uart_ex.o

.debug_frame    0x0000000000000000     0x2cf8
 .debug_frame   0x0000000000000000       0x70 Core/Src/User/Buzzer_Task.o
 .debug_frame   0x0000000000000070       0x38 Core/Src/User/Char_Convert.o
 .debug_frame   0x00000000000000a8      0x274 Core/Src/User/GPIO_Task.o
 .debug_frame   0x000000000000031c       0x74 Core/Src/User/Speed_Task.o
 .debug_frame   0x0000000000000390       0x2c Core/Src/User/Timer_Task.o
 .debug_frame   0x00000000000003bc      0x140 Core/Src/User/UART_Task.o
 .debug_frame   0x00000000000004fc      0x160 Core/Src/main.o
 .debug_frame   0x000000000000065c      0x10c Core/Src/stm32f3xx_hal_msp.o
 .debug_frame   0x0000000000000768      0x198 Core/Src/stm32f3xx_it.o
 .debug_frame   0x0000000000000900       0x58 Core/Src/system_stm32f3xx.o
 .debug_frame   0x0000000000000958      0x334 Drivers/STM32F3xx_HAL_Driver/Src/stm32f3xx_hal.o
 .debug_frame   0x0000000000000c8c      0x5a0 Drivers/STM32F3xx_HAL_Driver/Src/stm32f3xx_hal_can.o
 .debug_frame   0x000000000000122c      0x428 Drivers/STM32F3xx_HAL_Driver/Src/stm32f3xx_hal_cortex.o
 .debug_frame   0x0000000000001654      0x2d4 Drivers/STM32F3xx_HAL_Driver/Src/stm32f3xx_hal_dac.o
 .debug_frame   0x0000000000001928      0x1dc Drivers/STM32F3xx_HAL_Driver/Src/stm32f3xx_hal_dac_ex.o
 .debug_frame   0x0000000000001b04      0x224 Drivers/STM32F3xx_HAL_Driver/Src/stm32f3xx_hal_dma.o
 .debug_frame   0x0000000000001d28      0x14c Drivers/STM32F3xx_HAL_Driver/Src/stm32f3xx_hal_gpio.o
 .debug_frame   0x0000000000001e74      0x214 Drivers/STM32F3xx_HAL_Driver/Src/stm32f3xx_hal_rcc.o
 .debug_frame   0x0000000000002088       0xb4 Drivers/STM32F3xx_HAL_Driver/Src/stm32f3xx_hal_rcc_ex.o
 .debug_frame   0x000000000000213c      0x9e0 Drivers/STM32F3xx_HAL_Driver/Src/stm32f3xx_hal_uart.o
 .debug_frame   0x0000000000002b1c      0x190 Drivers/STM32F3xx_HAL_Driver/Src/stm32f3xx_hal_uart_ex.o
 .debug_frame   0x0000000000002cac       0x2c c:/st/stm32cubeide_1.6.0/stm32cubeide/plugins/com.st.stm32cube.ide.mcu.externaltools.gnu-tools-for-stm32.9-2020-q2-update.win32_1.5.0.202011040924/tools/bin/../lib/gcc/arm-none-eabi/9.3.1/../../../../arm-none-eabi/lib/thumb/v7e-m+fp/hard\libc_nano.a(lib_a-init.o)
 .debug_frame   0x0000000000002cd8       0x20 c:/st/stm32cubeide_1.6.0/stm32cubeide/plugins/com.st.stm32cube.ide.mcu.externaltools.gnu-tools-for-stm32.9-2020-q2-update.win32_1.5.0.202011040924/tools/bin/../lib/gcc/arm-none-eabi/9.3.1/../../../../arm-none-eabi/lib/thumb/v7e-m+fp/hard\libc_nano.a(lib_a-memset.o)
