Archive member included to satisfy reference by file (symbol)

c:/st/stm32cubeide_1.6.0/stm32cubeide/plugins/com.st.stm32cube.ide.mcu.externaltools.gnu-tools-for-stm32.9-2020-q2-update.win32_1.5.0.202011040924/tools/bin/../lib/gcc/arm-none-eabi/9.3.1/../../../../arm-none-eabi/lib/thumb/v7e-m+fp/hard\libc_nano.a(lib_a-errno.o)
                              Core/Src/syscalls.o (__errno)
c:/st/stm32cubeide_1.6.0/stm32cubeide/plugins/com.st.stm32cube.ide.mcu.externaltools.gnu-tools-for-stm32.9-2020-q2-update.win32_1.5.0.202011040924/tools/bin/../lib/gcc/arm-none-eabi/9.3.1/../../../../arm-none-eabi/lib/thumb/v7e-m+fp/hard\libc_nano.a(lib_a-exit.o)
                              c:/st/stm32cubeide_1.6.0/stm32cubeide/plugins/com.st.stm32cube.ide.mcu.externaltools.gnu-tools-for-stm32.9-2020-q2-update.win32_1.5.0.202011040924/tools/bin/../lib/gcc/arm-none-eabi/9.3.1/../../../../arm-none-eabi/lib/thumb/v7e-m+fp/hard/crt0.o (exit)
c:/st/stm32cubeide_1.6.0/stm32cubeide/plugins/com.st.stm32cube.ide.mcu.externaltools.gnu-tools-for-stm32.9-2020-q2-update.win32_1.5.0.202011040924/tools/bin/../lib/gcc/arm-none-eabi/9.3.1/../../../../arm-none-eabi/lib/thumb/v7e-m+fp/hard\libc_nano.a(lib_a-impure.o)
                              c:/st/stm32cubeide_1.6.0/stm32cubeide/plugins/com.st.stm32cube.ide.mcu.externaltools.gnu-tools-for-stm32.9-2020-q2-update.win32_1.5.0.202011040924/tools/bin/../lib/gcc/arm-none-eabi/9.3.1/../../../../arm-none-eabi/lib/thumb/v7e-m+fp/hard\libc_nano.a(lib_a-exit.o) (_global_impure_ptr)
c:/st/stm32cubeide_1.6.0/stm32cubeide/plugins/com.st.stm32cube.ide.mcu.externaltools.gnu-tools-for-stm32.9-2020-q2-update.win32_1.5.0.202011040924/tools/bin/../lib/gcc/arm-none-eabi/9.3.1/../../../../arm-none-eabi/lib/thumb/v7e-m+fp/hard\libc_nano.a(lib_a-init.o)
                              c:/st/stm32cubeide_1.6.0/stm32cubeide/plugins/com.st.stm32cube.ide.mcu.externaltools.gnu-tools-for-stm32.9-2020-q2-update.win32_1.5.0.202011040924/tools/bin/../lib/gcc/arm-none-eabi/9.3.1/../../../../arm-none-eabi/lib/thumb/v7e-m+fp/hard/crt0.o (__libc_init_array)
c:/st/stm32cubeide_1.6.0/stm32cubeide/plugins/com.st.stm32cube.ide.mcu.externaltools.gnu-tools-for-stm32.9-2020-q2-update.win32_1.5.0.202011040924/tools/bin/../lib/gcc/arm-none-eabi/9.3.1/../../../../arm-none-eabi/lib/thumb/v7e-m+fp/hard\libc_nano.a(lib_a-memset.o)
                              c:/st/stm32cubeide_1.6.0/stm32cubeide/plugins/com.st.stm32cube.ide.mcu.externaltools.gnu-tools-for-stm32.9-2020-q2-update.win32_1.5.0.202011040924/tools/bin/../lib/gcc/arm-none-eabi/9.3.1/../../../../arm-none-eabi/lib/thumb/v7e-m+fp/hard/crt0.o (memset)

Allocating common symbols
Common symbol       size              file

uart2_rx_cnt        0x1               Core/Src/User/Battery_Task.o
uart2_flag          0x1               Core/Src/User/Battery_Task.o
uart3_rx_cnt        0x1               Core/Src/User/Battery_Task.o
speed_sample_to     0x4               Core/Src/User/Speed_Task.o
gpio_led_can_dly    0x4               Core/Src/User/GPIO_Task.o
gpio_btn_dbc        0x4               Core/Src/User/GPIO_Task.o
tmr_uart3_rx_to     0x4               Core/Src/User/Timer_Task.o
huart3              0x84              Core/Src/main.o
speed_pulse_duty    0x14              Core/Src/User/Speed_Task.o
uart1_tx_data       0x11              Core/Src/User/Battery_Task.o
speed_flag_enable   0x1               Core/Src/User/Speed_Task.o
ptr_uart2_tx_data   0x4               Core/Src/User/Battery_Task.o
uart2_rx_data       0x11              Core/Src/User/Battery_Task.o
hcan                0x28              Core/Src/main.o
uart3_tx_cnt        0x1               Core/Src/User/Battery_Task.o
uwTick              0x4               Drivers/STM32F3xx_HAL_Driver/Src/stm32f3xx_hal.o
uart2_update_output_delay
                    0x4               Core/Src/User/Battery_Task.o
speed_current_value
                    0x4               Core/Src/User/Speed_Task.o
pFlash              0x20              Drivers/STM32F3xx_HAL_Driver/Src/stm32f3xx_hal_flash.o
uart1_tx_index      0x1               Core/Src/User/Battery_Task.o
speed_flag_upout    0x1               Core/Src/User/Speed_Task.o
battery_flag_enable
                    0x1               Core/Src/User/Battery_Task.o
hadc1               0x50              Core/Src/main.o
uart3_flag          0x1               Core/Src/User/Battery_Task.o
speed_pulse_period  0x14              Core/Src/User/Speed_Task.o
huart1              0x84              Core/Src/main.o
hdac                0x14              Core/Src/main.o
uart1_rx_cnt        0x1               Core/Src/User/Battery_Task.o
battery_adc_value   0x4               Core/Src/User/Battery_Task.o
uart2_tx_cnt        0x1               Core/Src/User/Battery_Task.o
gpio_led_uart3_dly  0x4               Core/Src/User/GPIO_Task.o
uart3_tx_data       0x11              Core/Src/User/Battery_Task.o
battery_flag_upout  0x1               Core/Src/User/Battery_Task.o
uart3_rx_data       0x11              Core/Src/User/Battery_Task.o
[...]
Memory Configuration

Name             Origin             Length             Attributes
RAM              0x0000000020000000 0x0000000000004000 xrw
FLASH            0x0000000008000000 0x0000000000010000 xr
*default*        0x0000000000000000 0xffffffffffffffff

Linker script and memory map

LOAD c:/st/stm32cubeide_1.6.0/stm32cubeide/plugins/com.st.stm32cube.ide.mcu.externaltools.gnu-tools-for-stm32.9-2020-q2-update.win32_1.5.0.202011040924/tools/bin/../lib/gcc/arm-none-eabi/9.3.1/thumb/v7e-m+fp/hard/crti.o
LOAD c:/st/stm32cubeide_1.6.0/stm32cubeide/plugins/com.st.stm32cube.ide.mcu.externaltools.gnu-tools-for-stm32.9-2020-q2-update.win32_1.5.0.202011040924/tools/bin/../lib/gcc/arm-none-eabi/9.3.1/thumb/v7e-m+fp/hard/crtbegin.o
LOAD c:/st/stm32cubeide_1.6.0/stm32cubeide/plugins/com.st.stm32cube.ide.mcu.externaltools.gnu-tools-for-stm32.9-2020-q2-update.win32_1.5.0.202011040924/tools/bin/../lib/gcc/arm-none-eabi/9.3.1/../../../../arm-none-eabi/lib/thumb/v7e-m+fp/hard/crt0.o
LOAD Core/Src/User/Battery_Task.o
LOAD Core/Src/User/Buzzer_Task.o
LOAD Core/Src/User/Char_Convert.o
LOAD Core/Src/User/GPIO_Task.o
LOAD Core/Src/User/Speed_Task.o
LOAD Core/Src/User/Timer_Task.o
LOAD Core/Src/User/UART_Task.o
LOAD Core/Src/main.o
LOAD Core/Src/stm32f3xx_hal_msp.o
LOAD Core/Src/stm32f3xx_it.o
LOAD Core/Src/syscalls.o
LOAD Core/Src/sysmem.o
LOAD Core/Src/system_stm32f3xx.o
LOAD Core/Startup/startup_stm32f302r8tx.o
LOAD Drivers/STM32F3xx_HAL_Driver/Src/stm32f3xx_hal.o
LOAD Drivers/STM32F3xx_HAL_Driver/Src/stm32f3xx_hal_adc.o
LOAD Drivers/STM32F3xx_HAL_Driver/Src/stm32f3xx_hal_adc_ex.o
LOAD Drivers/STM32F3xx_HAL_Driver/Src/stm32f3xx_hal_can.o
LOAD Drivers/STM32F3xx_HAL_Driver/Src/stm32f3xx_hal_cortex.o
LOAD Drivers/STM32F3xx_HAL_Driver/Src/stm32f3xx_hal_dac.o
LOAD Drivers/STM32F3xx_HAL_Driver/Src/stm32f3xx_hal_dac_ex.o
LOAD Drivers/STM32F3xx_HAL_Driver/Src/stm32f3xx_hal_dma.o
LOAD Drivers/STM32F3xx_HAL_Driver/Src/stm32f3xx_hal_exti.o
LOAD Drivers/STM32F3xx_HAL_Driver/Src/stm32f3xx_hal_flash.o
LOAD Drivers/STM32F3xx_HAL_Driver/Src/stm32f3xx_hal_flash_ex.o
LOAD Drivers/STM32F3xx_HAL_Driver/Src/stm32f3xx_hal_gpio.o
LOAD Drivers/STM32F3xx_HAL_Driver/Src/stm32f3xx_hal_i2c.o
LOAD Drivers/STM32F3xx_HAL_Driver/Src/stm32f3xx_hal_i2c_ex.o
LOAD Drivers/STM32F3xx_HAL_Driver/Src/stm32f3xx_hal_pwr.o
LOAD Drivers/STM32F3xx_HAL_Driver/Src/stm32f3xx_hal_pwr_ex.o
LOAD Drivers/STM32F3xx_HAL_Driver/Src/stm32f3xx_hal_rcc.o
LOAD Drivers/STM32F3xx_HAL_Driver/Src/stm32f3xx_hal_rcc_ex.o
LOAD Drivers/STM32F3xx_HAL_Driver/Src/stm32f3xx_hal_tim.o
LOAD Drivers/STM32F3xx_HAL_Driver/Src/stm32f3xx_hal_tim_ex.o
LOAD Drivers/STM32F3xx_HAL_Driver/Src/stm32f3xx_hal_uart.o
LOAD Drivers/STM32F3xx_HAL_Driver/Src/stm32f3xx_hal_uart_ex.o
START GROUP
LOAD c:/st/stm32cubeide_1.6.0/stm32cubeide/plugins/com.st.stm32cube.ide.mcu.externaltools.gnu-tools-for-stm32.9-2020-q2-update.win32_1.5.0.202011040924/tools/bin/../lib/gcc/arm-none-eabi/9.3.1/../../../../arm-none-eabi/lib/thumb/v7e-m+fp/hard\libc_nano.a
LOAD c:/st/stm32cubeide_1.6.0/stm32cubeide/plugins/com.st.stm32cube.ide.mcu.externaltools.gnu-tools-for-stm32.9-2020-q2-update.win32_1.5.0.202011040924/tools/bin/../lib/gcc/arm-none-eabi/9.3.1/../../../../arm-none-eabi/lib/thumb/v7e-m+fp/hard\libm.a
END GROUP
START GROUP
LOAD c:/st/stm32cubeide_1.6.0/stm32cubeide/plugins/com.st.stm32cube.ide.mcu.externaltools.gnu-tools-for-stm32.9-2020-q2-update.win32_1.5.0.202011040924/tools/bin/../lib/gcc/arm-none-eabi/9.3.1/thumb/v7e-m+fp/hard\libgcc.a
LOAD c:/st/stm32cubeide_1.6.0/stm32cubeide/plugins/com.st.stm32cube.ide.mcu.externaltools.gnu-tools-for-stm32.9-2020-q2-update.win32_1.5.0.202011040924/tools/bin/../lib/gcc/arm-none-eabi/9.3.1/../../../../arm-none-eabi/lib/thumb/v7e-m+fp/hard\libc_nano.a
END GROUP
START GROUP
LOAD c:/st/stm32cubeide_1.6.0/stm32cubeide/plugins/com.st.stm32cube.ide.mcu.externaltools.gnu-tools-for-stm32.9-2020-q2-update.win32_1.5.0.202011040924/tools/bin/../lib/gcc/arm-none-eabi/9.3.1/thumb/v7e-m+fp/hard\libgcc.a
LOAD c:/st/stm32cubeide_1.6.0/stm32cubeide/plugins/com.st.stm32cube.ide.mcu.externaltools.gnu-tools-for-stm32.9-2020-q2-update.win32_1.5.0.202011040924/tools/bin/../lib/gcc/arm-none-eabi/9.3.1/../../../../arm-none-eabi/lib/thumb/v7e-m+fp/hard\libc_nano.a
LOAD c:/st/stm32cubeide_1.6.0/stm32cubeide/plugins/com.st.stm32cube.ide.mcu.externaltools.gnu-tools-for-stm32.9-2020-q2-update.win32_1.5.0.202011040924/tools/bin/../lib/gcc/arm-none-eabi/9.3.1/../../../../arm-none-eabi/lib/thumb/v7e-m+fp/hard\libnosys.a
END GROUP
START GROUP
LOAD c:/st/stm32cubeide_1.6.0/stm32cubeide/plugins/com.st.stm32cube.ide.mcu.externaltools.gnu-tools-for-stm32.9-2020-q2-update.win32_1.5.0.202011040924/tools/bin/../lib/gcc/arm-none-eabi/9.3.1/thumb/v7e-m+fp/hard\libgcc.a
LOAD c:/st/stm32cubeide_1.6.0/stm32cubeide/plugins/com.st.stm32cube.ide.mcu.externaltools.gnu-tools-for-stm32.9-2020-q2-update.win32_1.5.0.202011040924/tools/bin/../lib/gcc/arm-none-eabi/9.3.1/../../../../arm-none-eabi/lib/thumb/v7e-m+fp/hard\libc_nano.a
LOAD c:/st/stm32cubeide_1.6.0/stm32cubeide/plugins/com.st.stm32cube.ide.mcu.externaltools.gnu-tools-for-stm32.9-2020-q2-update.win32_1.5.0.202011040924/tools/bin/../lib/gcc/arm-none-eabi/9.3.1/../../../../arm-none-eabi/lib/thumb/v7e-m+fp/hard\libnosys.a
END GROUP
LOAD c:/st/stm32cubeide_1.6.0/stm32cubeide/plugins/com.st.stm32cube.ide.mcu.externaltools.gnu-tools-for-stm32.9-2020-q2-update.win32_1.5.0.202011040924/tools/bin/../lib/gcc/arm-none-eabi/9.3.1/thumb/v7e-m+fp/hard/crtend.o
LOAD c:/st/stm32cubeide_1.6.0/stm32cubeide/plugins/com.st.stm32cube.ide.mcu.externaltools.gnu-tools-for-stm32.9-2020-q2-update.win32_1.5.0.202011040924/tools/bin/../lib/gcc/arm-none-eabi/9.3.1/thumb/v7e-m+fp/hard/crtn.o
                0x0000000020004000                _estack = (ORIGIN (RAM) + LENGTH (RAM))
                0x0000000000000200                _Min_Heap_Size = 0x200
                0x0000000000000400                _Min_Stack_Size = 0x400

.isr_vector     0x0000000008000000      0x188
                0x0000000008000000                . = ALIGN (0x4)
 *(.isr_vector)
 .isr_vector    0x0000000008000000      0x188 Core/Startup/startup_stm32f302r8tx.o
                0x0000000008000000                g_pfnVectors
                0x0000000008000188                . = ALIGN (0x4)

.text           0x0000000008000188     0x4c40
                0x0000000008000188                . = ALIGN (0x4)
 *(.text)
 .text          0x0000000008000188       0x40 c:/st/stm32cubeide_1.6.0/stm32cubeide/plugins/com.st.stm32cube.ide.mcu.externaltools.gnu-tools-for-stm32.9-2020-q2-update.win32_1.5.0.202011040924/tools/bin/../lib/gcc/arm-none-eabi/9.3.1/thumb/v7e-m+fp/hard/crtbegin.o
 *(.text*)
 .text.Battery_Check
                0x00000000080001c8       0x7c Core/Src/User/Battery_Task.o
                0x00000000080001c8                Battery_Check
 .text.Battery_Update_Output
                0x0000000008000244      0x164 Core/Src/User/Battery_Task.o
                0x0000000008000244                Battery_Update_Output
 .text.Buzzer_On
                0x00000000080003a8       0x2c Core/Src/User/Buzzer_Task.o
                0x00000000080003a8                Buzzer_On
 .text.Buzzer_Off
                0x00000000080003d4       0x20 Core/Src/User/Buzzer_Task.o
                0x00000000080003d4                Buzzer_Off
 .text.Buzzer_Init
                0x00000000080003f4       0x84 Core/Src/User/Buzzer_Task.o
                0x00000000080003f4                Buzzer_Init
 .text.Char_to_Int
                0x0000000008000478       0x6e Core/Src/User/Char_Convert.o
                0x0000000008000478                Char_to_Int
 *fill*         0x00000000080004e6        0x2 
 .text.GPIO_UART1_485_RE
                0x00000000080004e8       0x1c Core/Src/User/GPIO_Task.o
                0x00000000080004e8                GPIO_UART1_485_RE
 .text.GPIO_UART3_485_RE
                0x0000000008000504       0x1c Core/Src/User/GPIO_Task.o
                0x0000000008000504                GPIO_UART3_485_RE
 .text.GPIO_LED1_Off
                0x0000000008000520       0x1c Core/Src/User/GPIO_Task.o
                0x0000000008000520                GPIO_LED1_Off
 .text.GPIO_LED2_Off
                0x000000000800053c       0x1c Core/Src/User/GPIO_Task.o
                0x000000000800053c                GPIO_LED2_Off
 .text.GPIO_LED3_Off
                0x0000000008000558       0x1c Core/Src/User/GPIO_Task.o
                0x0000000008000558                GPIO_LED3_Off
 .text.GPIO_LED4_Off
                0x0000000008000574       0x1c Core/Src/User/GPIO_Task.o
                0x0000000008000574                GPIO_LED4_Off
 .text.GPIO_LED_CAN_Inactive
                0x0000000008000590       0x1c Core/Src/User/GPIO_Task.o
                0x0000000008000590                GPIO_LED_CAN_Inactive
 .text.GPIO_LED_UART1_Inactive
                0x00000000080005ac       0x1c Core/Src/User/GPIO_Task.o
                0x00000000080005ac                GPIO_LED_UART1_Inactive
 .text.GPIO_LED_UART3_Inactive
                0x00000000080005c8       0x1c Core/Src/User/GPIO_Task.o
                0x00000000080005c8                GPIO_LED_UART3_Inactive
 .text.GPIO_Btn_Task
                0x00000000080005e4       0xe4 Core/Src/User/GPIO_Task.o
                0x00000000080005e4                GPIO_Btn_Task
 .text.__NVIC_EnableIRQ
                0x00000000080006c8       0x3c Core/Src/User/Speed_Task.o
 .text.Speed_Init
                0x0000000008000704       0x7c Core/Src/User/Speed_Task.o
                0x0000000008000704                Speed_Init
 .text.Speed_Calculate
                0x0000000008000780      0x108 Core/Src/User/Speed_Task.o
                0x0000000008000780                Speed_Calculate
 .text.Speed_Update_Output
                0x0000000008000888      0x194 Core/Src/User/Speed_Task.o
                0x0000000008000888                Speed_Update_Output
 .text.Timer_Tick
                0x0000000008000a1c      0x174 Core/Src/User/Timer_Task.o
                0x0000000008000a1c                Timer_Tick
 .text.UART2_Rec_Task
                0x0000000008000b90       0xdc Core/Src/User/UART_Task.o
                0x0000000008000b90                UART2_Rec_Task
 .text.UART2_Trn_Task
                0x0000000008000c6c       0x68 Core/Src/User/UART_Task.o
                0x0000000008000c6c                UART2_Trn_Task
 .text.__NVIC_EnableIRQ
                0x0000000008000cd4       0x3c Core/Src/main.o
 .text.main     0x0000000008000d10       0xa8 Core/Src/main.o
                0x0000000008000d10                main
 .text.SystemClock_Config
                0x0000000008000db8       0xba Core/Src/main.o
                0x0000000008000db8                SystemClock_Config
 *fill*         0x0000000008000e72        0x2 
 .text.MX_ADC1_Init
                0x0000000008000e74       0xe8 Core/Src/main.o
 .text.MX_CAN_Init
                0x0000000008000f5c       0x68 Core/Src/main.o
 .text.MX_DAC_Init
                0x0000000008000fc4       0x7c Core/Src/main.o
 .text.MX_USART1_UART_Init
                0x0000000008001040       0xa0 Core/Src/main.o
 .text.MX_USART2_UART_Init
                0x00000000080010e0       0xa0 Core/Src/main.o
 .text.MX_USART3_UART_Init
                0x0000000008001180       0xa0 Core/Src/main.o
 .text.MX_GPIO_Init
                0x0000000008001220      0x188 Core/Src/main.o
 .text.Error_Handler
                0x00000000080013a8        0xa Core/Src/main.o
                0x00000000080013a8                Error_Handler
 *fill*         0x00000000080013b2        0x2 
 .text.HAL_MspInit
                0x00000000080013b4       0x48 Core/Src/stm32f3xx_hal_msp.o
                0x00000000080013b4                HAL_MspInit
 .text.HAL_ADC_MspInit
                0x00000000080013fc       0x7c Core/Src/stm32f3xx_hal_msp.o
                0x00000000080013fc                HAL_ADC_MspInit
 .text.HAL_CAN_MspInit
                0x0000000008001478       0x88 Core/Src/stm32f3xx_hal_msp.o
                0x0000000008001478                HAL_CAN_MspInit
 .text.HAL_DAC_MspInit
                0x0000000008001500       0x7c Core/Src/stm32f3xx_hal_msp.o
                0x0000000008001500                HAL_DAC_MspInit
 .text.HAL_UART_MspInit
                0x000000000800157c      0x180 Core/Src/stm32f3xx_hal_msp.o
                0x000000000800157c                HAL_UART_MspInit
 .text.NMI_Handler
                0x00000000080016fc        0x6 Core/Src/stm32f3xx_it.o
                0x00000000080016fc                NMI_Handler
 .text.HardFault_Handler
                0x0000000008001702        0x6 Core/Src/stm32f3xx_it.o
                0x0000000008001702                HardFault_Handler
 .text.MemManage_Handler
                0x0000000008001708        0x6 Core/Src/stm32f3xx_it.o
                0x0000000008001708                MemManage_Handler
 .text.BusFault_Handler
                0x000000000800170e        0x6 Core/Src/stm32f3xx_it.o
                0x000000000800170e                BusFault_Handler
 .text.UsageFault_Handler
                0x0000000008001714        0x6 Core/Src/stm32f3xx_it.o
                0x0000000008001714                UsageFault_Handler
 .text.SVC_Handler
                0x000000000800171a        0xe Core/Src/stm32f3xx_it.o
                0x000000000800171a                SVC_Handler
 .text.DebugMon_Handler
                0x0000000008001728        0xe Core/Src/stm32f3xx_it.o
                0x0000000008001728                DebugMon_Handler
 .text.PendSV_Handler
                0x0000000008001736        0xe Core/Src/stm32f3xx_it.o
                0x0000000008001736                PendSV_Handler
 .text.SysTick_Handler
                0x0000000008001744       0x1c Core/Src/stm32f3xx_it.o
                0x0000000008001744                SysTick_Handler
 .text.USART1_IRQHandler
                0x0000000008001760       0x70 Core/Src/stm32f3xx_it.o
                0x0000000008001760                USART1_IRQHandler
 .text.USART2_IRQHandler
                0x00000000080017d0       0x84 Core/Src/stm32f3xx_it.o
                0x00000000080017d0                USART2_IRQHandler
 .text.USART3_IRQHandler
                0x0000000008001854       0x70 Core/Src/stm32f3xx_it.o
                0x0000000008001854                USART3_IRQHandler
 .text.TIM2_IRQHandler
                0x00000000080018c4       0x98 Core/Src/stm32f3xx_it.o
                0x00000000080018c4                TIM2_IRQHandler
 .text.SystemInit
                0x000000000800195c       0x24 Core/Src/system_stm32f3xx.o
                0x000000000800195c                SystemInit
 .text.Reset_Handler
                0x0000000008001980       0x50 Core/Startup/startup_stm32f302r8tx.o
                0x0000000008001980                Reset_Handler
 .text.Default_Handler
                0x00000000080019d0        0x2 Core/Startup/startup_stm32f302r8tx.o
                0x00000000080019d0                RTC_Alarm_IRQHandler
                0x00000000080019d0                TIM1_CC_IRQHandler
                0x00000000080019d0                USB_HP_IRQHandler
                0x00000000080019d0                PVD_IRQHandler
                0x00000000080019d0                TAMP_STAMP_IRQHandler
                0x00000000080019d0                EXTI3_IRQHandler
                0x00000000080019d0                I2C3_ER_IRQHandler
                0x00000000080019d0                USB_HP_CAN_TX_IRQHandler
                0x00000000080019d0                EXTI0_IRQHandler
                0x00000000080019d0                I2C2_EV_IRQHandler
                0x00000000080019d0                FPU_IRQHandler
                0x00000000080019d0                TIM1_UP_TIM16_IRQHandler
                0x00000000080019d0                CAN_SCE_IRQHandler
                0x00000000080019d0                TIM6_DAC_IRQHandler
                0x00000000080019d0                DMA1_Channel4_IRQHandler
                0x00000000080019d0                ADC1_IRQHandler
                0x00000000080019d0                DMA1_Channel7_IRQHandler
                0x00000000080019d0                CAN_RX1_IRQHandler
                0x00000000080019d0                I2C1_EV_IRQHandler
                0x00000000080019d0                DMA1_Channel6_IRQHandler
                0x00000000080019d0                RCC_IRQHandler
                0x00000000080019d0                DMA1_Channel1_IRQHandler
                0x00000000080019d0                Default_Handler
                0x00000000080019d0                USBWakeUp_RMP_IRQHandler
                0x00000000080019d0                EXTI15_10_IRQHandler
                0x00000000080019d0                COMP2_IRQHandler
                0x00000000080019d0                I2C3_EV_IRQHandler
                0x00000000080019d0                EXTI9_5_IRQHandler
                0x00000000080019d0                RTC_WKUP_IRQHandler
                0x00000000080019d0                SPI2_IRQHandler
                0x00000000080019d0                USB_LP_CAN_RX0_IRQHandler
                0x00000000080019d0                DMA1_Channel5_IRQHandler
                0x00000000080019d0                USB_LP_IRQHandler
                0x00000000080019d0                EXTI4_IRQHandler
                0x00000000080019d0                TIM1_TRG_COM_TIM17_IRQHandler
                0x00000000080019d0                DMA1_Channel3_IRQHandler
                0x00000000080019d0                WWDG_IRQHandler
                0x00000000080019d0                EXTI1_IRQHandler
                0x00000000080019d0                COMP4_6_IRQHandler
                0x00000000080019d0                I2C2_ER_IRQHandler
                0x00000000080019d0                DMA1_Channel2_IRQHandler
                0x00000000080019d0                FLASH_IRQHandler
                0x00000000080019d0                SPI3_IRQHandler
                0x00000000080019d0                I2C1_ER_IRQHandler
                0x00000000080019d0                USBWakeUp_IRQHandler
                0x00000000080019d0                EXTI2_TSC_IRQHandler
                0x00000000080019d0                TIM1_BRK_TIM15_IRQHandler
 *fill*         0x00000000080019d2        0x2 
 .text.HAL_Init
                0x00000000080019d4       0x2c Drivers/STM32F3xx_HAL_Driver/Src/stm32f3xx_hal.o
                0x00000000080019d4                HAL_Init
 .text.HAL_InitTick
                0x0000000008001a00       0x60 Drivers/STM32F3xx_HAL_Driver/Src/stm32f3xx_hal.o
                0x0000000008001a00                HAL_InitTick
 .text.HAL_IncTick
                0x0000000008001a60       0x28 Drivers/STM32F3xx_HAL_Driver/Src/stm32f3xx_hal.o
                0x0000000008001a60                HAL_IncTick
 .text.HAL_GetTick
                0x0000000008001a88       0x18 Drivers/STM32F3xx_HAL_Driver/Src/stm32f3xx_hal.o
                0x0000000008001a88                HAL_GetTick
 .text.HAL_ADC_Init
                0x0000000008001aa0      0x30c Drivers/STM32F3xx_HAL_Driver/Src/stm32f3xx_hal_adc_ex.o
                0x0000000008001aa0                HAL_ADC_Init
 .text.HAL_ADC_ConfigChannel
                0x0000000008001dac      0x56c Drivers/STM32F3xx_HAL_Driver/Src/stm32f3xx_hal_adc_ex.o
                0x0000000008001dac                HAL_ADC_ConfigChannel
 .text.ADC_Disable
                0x0000000008002318       0xbe Drivers/STM32F3xx_HAL_Driver/Src/stm32f3xx_hal_adc_ex.o
 .text.HAL_CAN_Init
                0x00000000080023d6      0x1f6 Drivers/STM32F3xx_HAL_Driver/Src/stm32f3xx_hal_can.o
                0x00000000080023d6                HAL_CAN_Init
 .text.__NVIC_SetPriorityGrouping
                0x00000000080025cc       0x48 Drivers/STM32F3xx_HAL_Driver/Src/stm32f3xx_hal_cortex.o
 .text.__NVIC_GetPriorityGrouping
                0x0000000008002614       0x1c Drivers/STM32F3xx_HAL_Driver/Src/stm32f3xx_hal_cortex.o
 .text.__NVIC_EnableIRQ
                0x0000000008002630       0x3c Drivers/STM32F3xx_HAL_Driver/Src/stm32f3xx_hal_cortex.o
 .text.__NVIC_SetPriority
                0x000000000800266c       0x54 Drivers/STM32F3xx_HAL_Driver/Src/stm32f3xx_hal_cortex.o
 .text.NVIC_EncodePriority
                0x00000000080026c0       0x66 Drivers/STM32F3xx_HAL_Driver/Src/stm32f3xx_hal_cortex.o
 *fill*         0x0000000008002726        0x2 
 .text.SysTick_Config
                0x0000000008002728       0x44 Drivers/STM32F3xx_HAL_Driver/Src/stm32f3xx_hal_cortex.o
 .text.HAL_NVIC_SetPriorityGrouping
                0x000000000800276c       0x16 Drivers/STM32F3xx_HAL_Driver/Src/stm32f3xx_hal_cortex.o
                0x000000000800276c                HAL_NVIC_SetPriorityGrouping
 .text.HAL_NVIC_SetPriority
                0x0000000008002782       0x38 Drivers/STM32F3xx_HAL_Driver/Src/stm32f3xx_hal_cortex.o
                0x0000000008002782                HAL_NVIC_SetPriority
 .text.HAL_NVIC_EnableIRQ
                0x00000000080027ba       0x1c Drivers/STM32F3xx_HAL_Driver/Src/stm32f3xx_hal_cortex.o
                0x00000000080027ba                HAL_NVIC_EnableIRQ
 .text.HAL_SYSTICK_Config
                0x00000000080027d6       0x18 Drivers/STM32F3xx_HAL_Driver/Src/stm32f3xx_hal_cortex.o
                0x00000000080027d6                HAL_SYSTICK_Config
 .text.HAL_DAC_Init
                0x00000000080027ee       0x44 Drivers/STM32F3xx_HAL_Driver/Src/stm32f3xx_hal_dac.o
                0x00000000080027ee                HAL_DAC_Init
 .text.HAL_DAC_ConfigChannel
                0x0000000008002832       0x9a Drivers/STM32F3xx_HAL_Driver/Src/stm32f3xx_hal_dac_ex.o
                0x0000000008002832                HAL_DAC_ConfigChannel
 .text.HAL_DMA_Abort
                0x00000000080028cc       0x72 Drivers/STM32F3xx_HAL_Driver/Src/stm32f3xx_hal_dma.o
                0x00000000080028cc                HAL_DMA_Abort
 .text.HAL_DMA_Abort_IT
                0x000000000800293e       0x7c Drivers/STM32F3xx_HAL_Driver/Src/stm32f3xx_hal_dma.o
                0x000000000800293e                HAL_DMA_Abort_IT
 *fill*         0x00000000080029ba        0x2 
 .text.HAL_GPIO_Init
                0x00000000080029bc      0x2e4 Drivers/STM32F3xx_HAL_Driver/Src/stm32f3xx_hal_gpio.o
                0x00000000080029bc                HAL_GPIO_Init
 .text.HAL_GPIO_WritePin
                0x0000000008002ca0       0x30 Drivers/STM32F3xx_HAL_Driver/Src/stm32f3xx_hal_gpio.o
                0x0000000008002ca0                HAL_GPIO_WritePin
 .text.HAL_RCC_OscConfig
                0x0000000008002cd0      0xe10 Drivers/STM32F3xx_HAL_Driver/Src/stm32f3xx_hal_rcc.o
                0x0000000008002cd0                HAL_RCC_OscConfig
 .text.HAL_RCC_ClockConfig
                0x0000000008003ae0      0x2f8 Drivers/STM32F3xx_HAL_Driver/Src/stm32f3xx_hal_rcc.o
                0x0000000008003ae0                HAL_RCC_ClockConfig
 .text.HAL_RCC_GetSysClockFreq
                0x0000000008003dd8       0xd4 Drivers/STM32F3xx_HAL_Driver/Src/stm32f3xx_hal_rcc.o
                0x0000000008003dd8                HAL_RCC_GetSysClockFreq
 .text.HAL_RCC_GetHCLKFreq
                0x0000000008003eac       0x18 Drivers/STM32F3xx_HAL_Driver/Src/stm32f3xx_hal_rcc.o
                0x0000000008003eac                HAL_RCC_GetHCLKFreq
 .text.HAL_RCC_GetPCLK1Freq
                0x0000000008003ec4       0x44 Drivers/STM32F3xx_HAL_Driver/Src/stm32f3xx_hal_rcc.o
                0x0000000008003ec4                HAL_RCC_GetPCLK1Freq
 .text.HAL_RCC_GetPCLK2Freq
                0x0000000008003f08       0x44 Drivers/STM32F3xx_HAL_Driver/Src/stm32f3xx_hal_rcc.o
                0x0000000008003f08                HAL_RCC_GetPCLK2Freq
 .text.HAL_RCCEx_PeriphCLKConfig
                0x0000000008003f4c      0x324 Drivers/STM32F3xx_HAL_Driver/Src/stm32f3xx_hal_rcc_ex.o
                0x0000000008003f4c                HAL_RCCEx_PeriphCLKConfig
 .text.HAL_UART_Init
                0x0000000008004270       0x9c Drivers/STM32F3xx_HAL_Driver/Src/stm32f3xx_hal_uart.o
                0x0000000008004270                HAL_UART_Init
 .text.HAL_UART_IRQHandler
                0x000000000800430c      0x400 Drivers/STM32F3xx_HAL_Driver/Src/stm32f3xx_hal_uart.o
                0x000000000800430c                HAL_UART_IRQHandler
 .text.HAL_UART_TxCpltCallback
                0x000000000800470c       0x14 Drivers/STM32F3xx_HAL_Driver/Src/stm32f3xx_hal_uart.o
                0x000000000800470c                HAL_UART_TxCpltCallback
 .text.HAL_UART_ErrorCallback
                0x0000000008004720       0x14 Drivers/STM32F3xx_HAL_Driver/Src/stm32f3xx_hal_uart.o
                0x0000000008004720                HAL_UART_ErrorCallback
 .text.HAL_UARTEx_RxEventCallback
                0x0000000008004734       0x18 Drivers/STM32F3xx_HAL_Driver/Src/stm32f3xx_hal_uart.o
                0x0000000008004734                HAL_UARTEx_RxEventCallback
 .text.UART_SetConfig
                0x000000000800474c      0x26c Drivers/STM32F3xx_HAL_Driver/Src/stm32f3xx_hal_uart.o
                0x000000000800474c                UART_SetConfig
 .text.UART_AdvFeatureConfig
                0x00000000080049b8      0x144 Drivers/STM32F3xx_HAL_Driver/Src/stm32f3xx_hal_uart.o
                0x00000000080049b8                UART_AdvFeatureConfig
 .text.UART_CheckIdleState
                0x0000000008004afc       0x92 Drivers/STM32F3xx_HAL_Driver/Src/stm32f3xx_hal_uart.o
                0x0000000008004afc                UART_CheckIdleState
 .text.UART_WaitOnFlagUntilTimeout
                0x0000000008004b8e       0xf8 Drivers/STM32F3xx_HAL_Driver/Src/stm32f3xx_hal_uart.o
                0x0000000008004b8e                UART_WaitOnFlagUntilTimeout
 .text.UART_EndRxTransfer
                0x0000000008004c86       0x5e Drivers/STM32F3xx_HAL_Driver/Src/stm32f3xx_hal_uart.o
 .text.UART_DMAAbortOnError
                0x0000000008004ce4       0x2c Drivers/STM32F3xx_HAL_Driver/Src/stm32f3xx_hal_uart.o
 .text.UART_EndTransmit_IT
                0x0000000008004d10       0x32 Drivers/STM32F3xx_HAL_Driver/Src/stm32f3xx_hal_uart.o
 .text.HAL_UARTEx_WakeupCallback
                0x0000000008004d42       0x14 Drivers/STM32F3xx_HAL_Driver/Src/stm32f3xx_hal_uart_ex.o
                0x0000000008004d42                HAL_UARTEx_WakeupCallback
 *fill*         0x0000000008004d56        0x2 
 .text.__libc_init_array
                0x0000000008004d58       0x48 c:/st/stm32cubeide_1.6.0/stm32cubeide/plugins/com.st.stm32cube.ide.mcu.externaltools.gnu-tools-for-stm32.9-2020-q2-update.win32_1.5.0.202011040924/tools/bin/../lib/gcc/arm-none-eabi/9.3.1/../../../../arm-none-eabi/lib/thumb/v7e-m+fp/hard\libc_nano.a(lib_a-init.o)
                0x0000000008004d58                __libc_init_array
 .text.memset   0x0000000008004da0       0x10 c:/st/stm32cubeide_1.6.0/stm32cubeide/plugins/com.st.stm32cube.ide.mcu.externaltools.gnu-tools-for-stm32.9-2020-q2-update.win32_1.5.0.202011040924/tools/bin/../lib/gcc/arm-none-eabi/9.3.1/../../../../arm-none-eabi/lib/thumb/v7e-m+fp/hard\libc_nano.a(lib_a-memset.o)
                0x0000000008004da0                memset
 *(.glue_7)
 .glue_7        0x0000000008004db0        0x0 linker stubs
 *(.glue_7t)
 .glue_7t       0x0000000008004db0        0x0 linker stubs
 *(.eh_frame)
 .eh_frame      0x0000000008004db0        0x0 c:/st/stm32cubeide_1.6.0/stm32cubeide/plugins/com.st.stm32cube.ide.mcu.externaltools.gnu-tools-for-stm32.9-2020-q2-update.win32_1.5.0.202011040924/tools/bin/../lib/gcc/arm-none-eabi/9.3.1/thumb/v7e-m+fp/hard/crtbegin.o
 *(.init)
 .init          0x0000000008004db0        0x4 c:/st/stm32cubeide_1.6.0/stm32cubeide/plugins/com.st.stm32cube.ide.mcu.externaltools.gnu-tools-for-stm32.9-2020-q2-update.win32_1.5.0.202011040924/tools/bin/../lib/gcc/arm-none-eabi/9.3.1/thumb/v7e-m+fp/hard/crti.o
                0x0000000008004db0                _init
 .init          0x0000000008004db4        0x8 c:/st/stm32cubeide_1.6.0/stm32cubeide/plugins/com.st.stm32cube.ide.mcu.externaltools.gnu-tools-for-stm32.9-2020-q2-update.win32_1.5.0.202011040924/tools/bin/../lib/gcc/arm-none-eabi/9.3.1/thumb/v7e-m+fp/hard/crtn.o
 *(.fini)
 .fini          0x0000000008004dbc        0x4 c:/st/stm32cubeide_1.6.0/stm32cubeide/plugins/com.st.stm32cube.ide.mcu.externaltools.gnu-tools-for-stm32.9-2020-q2-update.win32_1.5.0.202011040924/tools/bin/../lib/gcc/arm-none-eabi/9.3.1/thumb/v7e-m+fp/hard/crti.o
                0x0000000008004dbc                _fini
 .fini          0x0000000008004dc0        0x8 c:/st/stm32cubeide_1.6.0/stm32cubeide/plugins/com.st.stm32cube.ide.mcu.externaltools.gnu-tools-for-stm32.9-2020-q2-update.win32_1.5.0.202011040924/tools/bin/../lib/gcc/arm-none-eabi/9.3.1/thumb/v7e-m+fp/hard/crtn.o
                0x0000000008004dc8                . = ALIGN (0x4)
                0x0000000008004dc8                _etext = .

.vfp11_veneer   0x0000000008004dc8        0x0
 .vfp11_veneer  0x0000000008004dc8        0x0 linker stubs

.v4_bx          0x0000000008004dc8        0x0
 .v4_bx         0x0000000008004dc8        0x0 linker stubs

.iplt           0x0000000008004dc8        0x0
 .iplt          0x0000000008004dc8        0x0 c:/st/stm32cubeide_1.6.0/stm32cubeide/plugins/com.st.stm32cube.ide.mcu.externaltools.gnu-tools-for-stm32.9-2020-q2-update.win32_1.5.0.202011040924/tools/bin/../lib/gcc/arm-none-eabi/9.3.1/thumb/v7e-m+fp/hard/crtbegin.o

.rodata         0x0000000008004dc8       0x38
                0x0000000008004dc8                . = ALIGN (0x4)
 *(.rodata)
 *(.rodata*)
 .rodata.AHBPrescTable
                0x0000000008004dc8       0x10 Core/Src/system_stm32f3xx.o
                0x0000000008004dc8                AHBPrescTable
 .rodata.APBPrescTable
                0x0000000008004dd8        0x8 Core/Src/system_stm32f3xx.o
                0x0000000008004dd8                APBPrescTable
 .rodata.aPLLMULFactorTable
                0x0000000008004de0       0x10 Drivers/STM32F3xx_HAL_Driver/Src/stm32f3xx_hal_rcc.o
                0x0000000008004de0                aPLLMULFactorTable
 .rodata.aPredivFactorTable
                0x0000000008004df0       0x10 Drivers/STM32F3xx_HAL_Driver/Src/stm32f3xx_hal_rcc.o
                0x0000000008004df0                aPredivFactorTable
                0x0000000008004e00                . = ALIGN (0x4)

.rel.dyn        0x0000000008004e00        0x0
 .rel.iplt      0x0000000008004e00        0x0 c:/st/stm32cubeide_1.6.0/stm32cubeide/plugins/com.st.stm32cube.ide.mcu.externaltools.gnu-tools-for-stm32.9-2020-q2-update.win32_1.5.0.202011040924/tools/bin/../lib/gcc/arm-none-eabi/9.3.1/thumb/v7e-m+fp/hard/crtbegin.o

.ARM.extab      0x0000000008004e00        0x0
                0x0000000008004e00                . = ALIGN (0x4)
 *(.ARM.extab* .gnu.linkonce.armextab.*)
                0x0000000008004e00                . = ALIGN (0x4)

.ARM            0x0000000008004e00        0x0
                0x0000000008004e00                . = ALIGN (0x4)
                0x0000000008004e00                __exidx_start = .
 *(.ARM.exidx*)
                0x0000000008004e00                __exidx_end = .
                0x0000000008004e00                . = ALIGN (0x4)

.preinit_array  0x0000000008004e00        0x0
                0x0000000008004e00                . = ALIGN (0x4)
                0x0000000008004e00                PROVIDE (__preinit_array_start = .)
 *(.preinit_array*)
                0x0000000008004e00                PROVIDE (__preinit_array_end = .)
                0x0000000008004e00                . = ALIGN (0x4)

.init_array     0x0000000008004e00        0x4
                0x0000000008004e00                . = ALIGN (0x4)
                0x0000000008004e00                PROVIDE (__init_array_start = .)
 *(SORT_BY_NAME(.init_array.*))
 *(.init_array*)
 .init_array    0x0000000008004e00        0x4 c:/st/stm32cubeide_1.6.0/stm32cubeide/plugins/com.st.stm32cube.ide.mcu.externaltools.gnu-tools-for-stm32.9-2020-q2-update.win32_1.5.0.202011040924/tools/bin/../lib/gcc/arm-none-eabi/9.3.1/thumb/v7e-m+fp/hard/crtbegin.o
                0x0000000008004e04                PROVIDE (__init_array_end = .)
                0x0000000008004e04                . = ALIGN (0x4)

.fini_array     0x0000000008004e04        0x4
                0x0000000008004e04                . = ALIGN (0x4)
                [!provide]                        PROVIDE (__fini_array_start = .)
 *(SORT_BY_NAME(.fini_array.*))
 *(.fini_array*)
 .fini_array    0x0000000008004e04        0x4 c:/st/stm32cubeide_1.6.0/stm32cubeide/plugins/com.st.stm32cube.ide.mcu.externaltools.gnu-tools-for-stm32.9-2020-q2-update.win32_1.5.0.202011040924/tools/bin/../lib/gcc/arm-none-eabi/9.3.1/thumb/v7e-m+fp/hard/crtbegin.o
                [!provide]                        PROVIDE (__fini_array_end = .)
                0x0000000008004e08                . = ALIGN (0x4)
                0x0000000008004e08                _sidata = LOADADDR (.data)

.data           0x0000000020000000        0xc load address 0x0000000008004e08
                0x0000000020000000                . = ALIGN (0x4)
                0x0000000020000000                _sdata = .
 *(.data)
 *(.data*)
 .data.SystemCoreClock
                0x0000000020000000        0x4 Core/Src/system_stm32f3xx.o
                0x0000000020000000                SystemCoreClock
 .data.uwTickPrio
                0x0000000020000004        0x4 Drivers/STM32F3xx_HAL_Driver/Src/stm32f3xx_hal.o
                0x0000000020000004                uwTickPrio
 .data.uwTickFreq
                0x0000000020000008        0x1 Drivers/STM32F3xx_HAL_Driver/Src/stm32f3xx_hal.o
                0x0000000020000008                uwTickFreq
 *(.RamFunc)
 *(.RamFunc*)
                0x000000002000000c                . = ALIGN (0x4)
 *fill*         0x0000000020000009        0x3 
                0x000000002000000c                _edata = .

.igot.plt       0x000000002000000c        0x0 load address 0x0000000008004e14
 .igot.plt      0x000000002000000c        0x0 c:/st/stm32cubeide_1.6.0/stm32cubeide/plugins/com.st.stm32cube.ide.mcu.externaltools.gnu-tools-for-stm32.9-2020-q2-update.win32_1.5.0.202011040924/tools/bin/../lib/gcc/arm-none-eabi/9.3.1/thumb/v7e-m+fp/hard/crtbegin.o
                0x000000002000000c                . = ALIGN (0x4)

.bss            0x000000002000000c      0x330 load address 0x0000000008004e14
                0x000000002000000c                _sbss = .
                0x000000002000000c                __bss_start__ = _sbss
 *(.bss)
 .bss           0x000000002000000c       0x1c c:/st/stm32cubeide_1.6.0/stm32cubeide/plugins/com.st.stm32cube.ide.mcu.externaltools.gnu-tools-for-stm32.9-2020-q2-update.win32_1.5.0.202011040924/tools/bin/../lib/gcc/arm-none-eabi/9.3.1/thumb/v7e-m+fp/hard/crtbegin.o
 *(.bss*)
 *(COMMON)
 COMMON         0x0000000020000028       0x90 Core/Src/User/Battery_Task.o
                0x0000000020000028                uart2_rx_cnt
                0x0000000020000029                uart2_flag
                0x000000002000002a                uart3_rx_cnt
                0x000000002000002c                uart1_tx_data
                0x0000000020000040                ptr_uart2_tx_data
                0x0000000020000044                uart2_rx_data
                0x0000000020000055                uart3_tx_cnt
                0x0000000020000058                uart2_update_output_delay
                0x000000002000005c                uart1_tx_index
                0x000000002000005d                battery_flag_enable
                0x000000002000005e                uart3_flag
                0x000000002000005f                uart1_rx_cnt
                0x0000000020000060                battery_adc_value
                0x0000000020000064                uart2_tx_cnt
                0x0000000020000068                uart3_tx_data
                0x0000000020000079                battery_flag_upout
                0x000000002000007c                uart3_rx_data
                0x0000000020000090                uart2_tx_data
                0x00000000200000a1                uart3_tx_index
                0x00000000200000a4                uart1_rx_data
                0x00000000200000b5                uart2_tx_index
                0x00000000200000b6                uart1_flag
                0x00000000200000b7                uart1_tx_cnt
 COMMON         0x00000000200000b8        0x4 Core/Src/User/Buzzer_Task.o
                0x00000000200000b8                bz_dly
 COMMON         0x00000000200000bc       0x18 Core/Src/User/GPIO_Task.o
                0x00000000200000bc                gpio_led_can_dly
                0x00000000200000c0                gpio_btn_dbc
                0x00000000200000c4                gpio_led_uart3_dly
                0x00000000200000c8                gpio_btn_flag
                0x00000000200000cc                gpio_btn_pre
                0x00000000200000d0                gpio_led_uart1_dly
 COMMON         0x00000000200000d4       0x39 Core/Src/User/Speed_Task.o
                0x00000000200000d4                speed_sample_to
                0x00000000200000d8                speed_pulse_duty
                0x00000000200000ec                speed_flag_enable
                0x00000000200000f0                speed_current_value
                0x00000000200000f4                speed_flag_upout
                0x00000000200000f8                speed_pulse_period
                0x000000002000010c                speed_sample_cnt
 *fill*         0x000000002000010d        0x3 
 COMMON         0x0000000020000110       0x10 Core/Src/User/Timer_Task.o
                0x0000000020000110                tmr_uart3_rx_to
                0x0000000020000114                time_base_cnt_10ms
                0x0000000020000118                tmr_uart1_rx_to
                0x000000002000011c                tmr_uart2_rx_to
 COMMON         0x0000000020000120      0x218 Core/Src/main.o
                0x0000000020000120                huart3
                0x00000000200001a4                hcan
                0x00000000200001cc                hadc1
                0x000000002000021c                huart1
                0x00000000200002a0                hdac
                0x00000000200002b4                huart2
 COMMON         0x0000000020000338        0x4 Drivers/STM32F3xx_HAL_Driver/Src/stm32f3xx_hal.o
                0x0000000020000338                uwTick
                0x000000002000033c                . = ALIGN (0x4)
                0x000000002000033c                _ebss = .
                0x000000002000033c                __bss_end__ = _ebss

._user_heap_stack
                0x000000002000033c      0x604 load address 0x0000000008004e14
                0x0000000020000340                . = ALIGN (0x8)
 *fill*         0x000000002000033c        0x4 
                [!provide]                        PROVIDE (end = .)
                0x0000000020000340                PROVIDE (_end = .)
                0x0000000020000540                . = (. + _Min_Heap_Size)
 *fill*         0x0000000020000340      0x200 
                0x0000000020000940                . = (. + _Min_Stack_Size)
 *fill*         0x0000000020000540      0x400 
                0x0000000020000940                . = ALIGN (0x8)

/DISCARD/
 libc.a(*)
 libm.a(*)
 libgcc.a(*)

.ARM.attributes
                0x0000000000000000       0x30
 *(.ARM.attributes)
 .ARM.attributes
                0x0000000000000000       0x1e c:/st/stm32cubeide_1.6.0/stm32cubeide/plugins/com.st.stm32cube.ide.mcu.externaltools.gnu-tools-for-stm32.9-2020-q2-update.win32_1.5.0.202011040924/tools/bin/../lib/gcc/arm-none-eabi/9.3.1/thumb/v7e-m+fp/hard/crti.o
 .ARM.attributes
                0x000000000000001e       0x34 c:/st/stm32cubeide_1.6.0/stm32cubeide/plugins/com.st.stm32cube.ide.mcu.externaltools.gnu-tools-for-stm32.9-2020-q2-update.win32_1.5.0.202011040924/tools/bin/../lib/gcc/arm-none-eabi/9.3.1/thumb/v7e-m+fp/hard/crtbegin.o
 .ARM.attributes
                0x0000000000000052       0x34 Core/Src/User/Battery_Task.o
 .ARM.attributes
                0x0000000000000086       0x34 Core/Src/User/Buzzer_Task.o
 .ARM.attributes
                0x00000000000000ba       0x34 Core/Src/User/Char_Convert.o
 .ARM.attributes
                0x00000000000000ee       0x34 Core/Src/User/GPIO_Task.o
 .ARM.attributes
                0x0000000000000122       0x34 Core/Src/User/Speed_Task.o
 .ARM.attributes
                0x0000000000000156       0x34 Core/Src/User/Timer_Task.o
 .ARM.attributes
                0x000000000000018a       0x34 Core/Src/User/UART_Task.o
 .ARM.attributes
                0x00000000000001be       0x34 Core/Src/main.o
 .ARM.attributes
                0x00000000000001f2       0x34 Core/Src/stm32f3xx_hal_msp.o
 .ARM.attributes
                0x0000000000000226       0x34 Core/Src/stm32f3xx_it.o
 .ARM.attributes
                0x000000000000025a       0x34 Core/Src/system_stm32f3xx.o
 .ARM.attributes
                0x000000000000028e       0x21 Core/Startup/startup_stm32f302r8tx.o
 .ARM.attributes
                0x00000000000002af       0x34 Drivers/STM32F3xx_HAL_Driver/Src/stm32f3xx_hal.o
 .ARM.attributes
                0x00000000000002e3       0x34 Drivers/STM32F3xx_HAL_Driver/Src/stm32f3xx_hal_adc_ex.o
 .ARM.attributes
                0x0000000000000317       0x34 Drivers/STM32F3xx_HAL_Driver/Src/stm32f3xx_hal_can.o
 .ARM.attributes
                0x000000000000034b       0x34 Drivers/STM32F3xx_HAL_Driver/Src/stm32f3xx_hal_cortex.o
 .ARM.attributes
                0x000000000000037f       0x34 Drivers/STM32F3xx_HAL_Driver/Src/stm32f3xx_hal_dac.o
 .ARM.attributes
                0x00000000000003b3       0x34 Drivers/STM32F3xx_HAL_Driver/Src/stm32f3xx_hal_dac_ex.o
 .ARM.attributes
                0x00000000000003e7       0x34 Drivers/STM32F3xx_HAL_Driver/Src/stm32f3xx_hal_dma.o
 .ARM.attributes
                0x000000000000041b       0x34 Drivers/STM32F3xx_HAL_Driver/Src/stm32f3xx_hal_gpio.o
 .ARM.attributes
                0x000000000000044f       0x34 Drivers/STM32F3xx_HAL_Driver/Src/stm32f3xx_hal_rcc.o
 .ARM.attributes
                0x0000000000000483       0x34 Drivers/STM32F3xx_HAL_Driver/Src/stm32f3xx_hal_rcc_ex.o
 .ARM.attributes
                0x00000000000004b7       0x34 Drivers/STM32F3xx_HAL_Driver/Src/stm32f3xx_hal_uart.o
 .ARM.attributes
                0x00000000000004eb       0x34 Drivers/STM32F3xx_HAL_Driver/Src/stm32f3xx_hal_uart_ex.o
 .ARM.attributes
                0x000000000000051f       0x34 c:/st/stm32cubeide_1.6.0/stm32cubeide/plugins/com.st.stm32cube.ide.mcu.externaltools.gnu-tools-for-stm32.9-2020-q2-update.win32_1.5.0.202011040924/tools/bin/../lib/gcc/arm-none-eabi/9.3.1/../../../../arm-none-eabi/lib/thumb/v7e-m+fp/hard\libc_nano.a(lib_a-init.o)
 .ARM.attributes
                0x0000000000000553       0x34 c:/st/stm32cubeide_1.6.0/stm32cubeide/plugins/com.st.stm32cube.ide.mcu.externaltools.gnu-tools-for-stm32.9-2020-q2-update.win32_1.5.0.202011040924/tools/bin/../lib/gcc/arm-none-eabi/9.3.1/../../../../arm-none-eabi/lib/thumb/v7e-m+fp/hard\libc_nano.a(lib_a-memset.o)
 .ARM.attributes
                0x0000000000000587       0x1e c:/st/stm32cubeide_1.6.0/stm32cubeide/plugins/com.st.stm32cube.ide.mcu.externaltools.gnu-tools-for-stm32.9-2020-q2-update.win32_1.5.0.202011040924/tools/bin/../lib/gcc/arm-none-eabi/9.3.1/thumb/v7e-m+fp/hard/crtn.o
OUTPUT(F302_Serial_Listener.elf elf32-littlearm)
LOAD linker stubs
LOAD c:/st/stm32cubeide_1.6.0/stm32cubeide/plugins/com.st.stm32cube.ide.mcu.externaltools.gnu-tools-for-stm32.9-2020-q2-update.win32_1.5.0.202011040924/tools/bin/../lib/gcc/arm-none-eabi/9.3.1/../../../../arm-none-eabi/lib/thumb/v7e-m+fp/hard\libc.a
LOAD c:/st/stm32cubeide_1.6.0/stm32cubeide/plugins/com.st.stm32cube.ide.mcu.externaltools.gnu-tools-for-stm32.9-2020-q2-update.win32_1.5.0.202011040924/tools/bin/../lib/gcc/arm-none-eabi/9.3.1/../../../../arm-none-eabi/lib/thumb/v7e-m+fp/hard\libm.a
LOAD c:/st/stm32cubeide_1.6.0/stm32cubeide/plugins/com.st.stm32cube.ide.mcu.externaltools.gnu-tools-for-stm32.9-2020-q2-update.win32_1.5.0.202011040924/tools/bin/../lib/gcc/arm-none-eabi/9.3.1/thumb/v7e-m+fp/hard\libgcc.a

.debug_info     0x0000000000000000    0x1270f
 .debug_info    0x0000000000000000      0x58e Core/Src/User/Battery_Task.o
 .debug_info    0x000000000000058e      0xd59 Core/Src/User/Buzzer_Task.o
 .debug_info    0x00000000000012e7       0xbd Core/Src/User/Char_Convert.o
 .debug_info    0x00000000000013a4      0xe5d Core/Src/User/GPIO_Task.o
 .debug_info    0x0000000000002201      0x92f Core/Src/User/Speed_Task.o
 .debug_info    0x0000000000002b30      0xd18 Core/Src/User/Timer_Task.o
 .debug_info    0x0000000000003848      0x6f7 Core/Src/User/UART_Task.o
 .debug_info    0x0000000000003f3f     0x25fc Core/Src/main.o
 .debug_info    0x000000000000653b     0x164e Core/Src/stm32f3xx_hal_msp.o
 .debug_info    0x0000000000007b89      0xca3 Core/Src/stm32f3xx_it.o
 .debug_info    0x000000000000882c      0x49a Core/Src/system_stm32f3xx.o
 .debug_info    0x0000000000008cc6       0x22 Core/Startup/startup_stm32f302r8tx.o
 .debug_info    0x0000000000008ce8      0x7dd Drivers/STM32F3xx_HAL_Driver/Src/stm32f3xx_hal.o
 .debug_info    0x00000000000094c5     0x1498 Drivers/STM32F3xx_HAL_Driver/Src/stm32f3xx_hal_adc_ex.o
 .debug_info    0x000000000000a95d     0x107d Drivers/STM32F3xx_HAL_Driver/Src/stm32f3xx_hal_can.o
 .debug_info    0x000000000000b9da      0xc09 Drivers/STM32F3xx_HAL_Driver/Src/stm32f3xx_hal_cortex.o
 .debug_info    0x000000000000c5e3      0x981 Drivers/STM32F3xx_HAL_Driver/Src/stm32f3xx_hal_dac.o
 .debug_info    0x000000000000cf64      0x927 Drivers/STM32F3xx_HAL_Driver/Src/stm32f3xx_hal_dac_ex.o
 .debug_info    0x000000000000d88b      0x839 Drivers/STM32F3xx_HAL_Driver/Src/stm32f3xx_hal_dma.o
 .debug_info    0x000000000000e0c4      0x779 Drivers/STM32F3xx_HAL_Driver/Src/stm32f3xx_hal_gpio.o
 .debug_info    0x000000000000e83d     0x15b5 Drivers/STM32F3xx_HAL_Driver/Src/stm32f3xx_hal_rcc.o
 .debug_info    0x000000000000fdf2      0x671 Drivers/STM32F3xx_HAL_Driver/Src/stm32f3xx_hal_rcc_ex.o
 .debug_info    0x0000000000010463     0x17f6 Drivers/STM32F3xx_HAL_Driver/Src/stm32f3xx_hal_uart.o
 .debug_info    0x0000000000011c59      0xab6 Drivers/STM32F3xx_HAL_Driver/Src/stm32f3xx_hal_uart_ex.o

.debug_abbrev   0x0000000000000000     0x2dcc
 .debug_abbrev  0x0000000000000000      0x132 Core/Src/User/Battery_Task.o
 .debug_abbrev  0x0000000000000132      0x1d9 Core/Src/User/Buzzer_Task.o
 .debug_abbrev  0x000000000000030b       0x7a Core/Src/User/Char_Convert.o
 .debug_abbrev  0x0000000000000385      0x206 Core/Src/User/GPIO_Task.o
 .debug_abbrev  0x000000000000058b      0x1be Core/Src/User/Speed_Task.o
 .debug_abbrev  0x0000000000000749      0x1ca Core/Src/User/Timer_Task.o
 .debug_abbrev  0x0000000000000913      0x177 Core/Src/User/UART_Task.o
 .debug_abbrev  0x0000000000000a8a      0x345 Core/Src/main.o
 .debug_abbrev  0x0000000000000dcf      0x224 Core/Src/stm32f3xx_hal_msp.o
 .debug_abbrev  0x0000000000000ff3      0x1ec Core/Src/stm32f3xx_it.o
 .debug_abbrev  0x00000000000011df      0x145 Core/Src/system_stm32f3xx.o
 .debug_abbrev  0x0000000000001324       0x12 Core/Startup/startup_stm32f302r8tx.o
 .debug_abbrev  0x0000000000001336      0x1ed Drivers/STM32F3xx_HAL_Driver/Src/stm32f3xx_hal.o
 .debug_abbrev  0x0000000000001523      0x253 Drivers/STM32F3xx_HAL_Driver/Src/stm32f3xx_hal_adc_ex.o
 .debug_abbrev  0x0000000000001776      0x224 Drivers/STM32F3xx_HAL_Driver/Src/stm32f3xx_hal_can.o
 .debug_abbrev  0x000000000000199a      0x313 Drivers/STM32F3xx_HAL_Driver/Src/stm32f3xx_hal_cortex.o
 .debug_abbrev  0x0000000000001cad      0x1c5 Drivers/STM32F3xx_HAL_Driver/Src/stm32f3xx_hal_dac.o
 .debug_abbrev  0x0000000000001e72      0x212 Drivers/STM32F3xx_HAL_Driver/Src/stm32f3xx_hal_dac_ex.o
 .debug_abbrev  0x0000000000002084      0x228 Drivers/STM32F3xx_HAL_Driver/Src/stm32f3xx_hal_dma.o
 .debug_abbrev  0x00000000000022ac      0x1e8 Drivers/STM32F3xx_HAL_Driver/Src/stm32f3xx_hal_gpio.o
 .debug_abbrev  0x0000000000002494      0x2c4 Drivers/STM32F3xx_HAL_Driver/Src/stm32f3xx_hal_rcc.o
 .debug_abbrev  0x0000000000002758      0x22b Drivers/STM32F3xx_HAL_Driver/Src/stm32f3xx_hal_rcc_ex.o
 .debug_abbrev  0x0000000000002983      0x23f Drivers/STM32F3xx_HAL_Driver/Src/stm32f3xx_hal_uart.o
 .debug_abbrev  0x0000000000002bc2      0x20a Drivers/STM32F3xx_HAL_Driver/Src/stm32f3xx_hal_uart_ex.o

.debug_aranges  0x0000000000000000      0xd28
 .debug_aranges
                0x0000000000000000       0x28 Core/Src/User/Battery_Task.o
 .debug_aranges
                0x0000000000000028       0x30 Core/Src/User/Buzzer_Task.o
 .debug_aranges
                0x0000000000000058       0x20 Core/Src/User/Char_Convert.o
 .debug_aranges
                0x0000000000000078       0xb0 Core/Src/User/GPIO_Task.o
 .debug_aranges
                0x0000000000000128       0x38 Core/Src/User/Speed_Task.o
 .debug_aranges
                0x0000000000000160       0x20 Core/Src/User/Timer_Task.o
 .debug_aranges
                0x0000000000000180       0x60 Core/Src/User/UART_Task.o
 .debug_aranges
                0x00000000000001e0       0x70 Core/Src/main.o
 .debug_aranges
                0x0000000000000250       0x60 Core/Src/stm32f3xx_hal_msp.o
 .debug_aranges
                0x00000000000002b0       0x80 Core/Src/stm32f3xx_it.o
 .debug_aranges
                0x0000000000000330       0x28 Core/Src/system_stm32f3xx.o
 .debug_aranges
                0x0000000000000358       0x28 Core/Startup/startup_stm32f302r8tx.o
 .debug_aranges
                0x0000000000000380       0xe0 Drivers/STM32F3xx_HAL_Driver/Src/stm32f3xx_hal.o
 .debug_aranges
                0x0000000000000460      0x140 Drivers/STM32F3xx_HAL_Driver/Src/stm32f3xx_hal_adc_ex.o
 .debug_aranges
                0x00000000000005a0      0x138 Drivers/STM32F3xx_HAL_Driver/Src/stm32f3xx_hal_can.o
 .debug_aranges
                0x00000000000006d8      0x100 Drivers/STM32F3xx_HAL_Driver/Src/stm32f3xx_hal_cortex.o
 .debug_aranges
                0x00000000000007d8       0xa8 Drivers/STM32F3xx_HAL_Driver/Src/stm32f3xx_hal_dac.o
 .debug_aranges
                0x0000000000000880       0x78 Drivers/STM32F3xx_HAL_Driver/Src/stm32f3xx_hal_dac_ex.o
 .debug_aranges
                0x00000000000008f8       0x88 Drivers/STM32F3xx_HAL_Driver/Src/stm32f3xx_hal_dma.o
 .debug_aranges
                0x0000000000000980       0x58 Drivers/STM32F3xx_HAL_Driver/Src/stm32f3xx_hal_gpio.o
 .debug_aranges
                0x00000000000009d8       0x88 Drivers/STM32F3xx_HAL_Driver/Src/stm32f3xx_hal_rcc.o
 .debug_aranges
                0x0000000000000a60       0x38 Drivers/STM32F3xx_HAL_Driver/Src/stm32f3xx_hal_rcc_ex.o
 .debug_aranges
                0x0000000000000a98      0x228 Drivers/STM32F3xx_HAL_Driver/Src/stm32f3xx_hal_uart.o
 .debug_aranges
                0x0000000000000cc0       0x68 Drivers/STM32F3xx_HAL_Driver/Src/stm32f3xx_hal_uart_ex.o

.debug_ranges   0x0000000000000000      0xbe0
 .debug_ranges  0x0000000000000000       0x18 Core/Src/User/Battery_Task.o
 .debug_ranges  0x0000000000000018       0x20 Core/Src/User/Buzzer_Task.o
 .debug_ranges  0x0000000000000038       0x10 Core/Src/User/Char_Convert.o
 .debug_ranges  0x0000000000000048       0xa0 Core/Src/User/GPIO_Task.o
 .debug_ranges  0x00000000000000e8       0x28 Core/Src/User/Speed_Task.o
 .debug_ranges  0x0000000000000110       0x10 Core/Src/User/Timer_Task.o
 .debug_ranges  0x0000000000000120       0x50 Core/Src/User/UART_Task.o
 .debug_ranges  0x0000000000000170       0x60 Core/Src/main.o
 .debug_ranges  0x00000000000001d0       0x50 Core/Src/stm32f3xx_hal_msp.o
 .debug_ranges  0x0000000000000220       0x70 Core/Src/stm32f3xx_it.o
 .debug_ranges  0x0000000000000290       0x18 Core/Src/system_stm32f3xx.o
 .debug_ranges  0x00000000000002a8       0x20 Core/Startup/startup_stm32f302r8tx.o
 .debug_ranges  0x00000000000002c8       0xd0 Drivers/STM32F3xx_HAL_Driver/Src/stm32f3xx_hal.o
 .debug_ranges  0x0000000000000398      0x130 Drivers/STM32F3xx_HAL_Driver/Src/stm32f3xx_hal_adc_ex.o
 .debug_ranges  0x00000000000004c8      0x128 Drivers/STM32F3xx_HAL_Driver/Src/stm32f3xx_hal_can.o
 .debug_ranges  0x00000000000005f0       0xf0 Drivers/STM32F3xx_HAL_Driver/Src/stm32f3xx_hal_cortex.o
 .debug_ranges  0x00000000000006e0       0x98 Drivers/STM32F3xx_HAL_Driver/Src/stm32f3xx_hal_dac.o
 .debug_ranges  0x0000000000000778       0x68 Drivers/STM32F3xx_HAL_Driver/Src/stm32f3xx_hal_dac_ex.o
 .debug_ranges  0x00000000000007e0       0x78 Drivers/STM32F3xx_HAL_Driver/Src/stm32f3xx_hal_dma.o
 .debug_ranges  0x0000000000000858       0x48 Drivers/STM32F3xx_HAL_Driver/Src/stm32f3xx_hal_gpio.o
 .debug_ranges  0x00000000000008a0       0x78 Drivers/STM32F3xx_HAL_Driver/Src/stm32f3xx_hal_rcc.o
 .debug_ranges  0x0000000000000918       0x28 Drivers/STM32F3xx_HAL_Driver/Src/stm32f3xx_hal_rcc_ex.o
 .debug_ranges  0x0000000000000940      0x248 Drivers/STM32F3xx_HAL_Driver/Src/stm32f3xx_hal_uart.o
 .debug_ranges  0x0000000000000b88       0x58 Drivers/STM32F3xx_HAL_Driver/Src/stm32f3xx_hal_uart_ex.o

.debug_macro    0x0000000000000000    0x1dd5a
 .debug_macro   0x0000000000000000      0x1fc Core/Src/User/Battery_Task.o
 .debug_macro   0x00000000000001fc      0xaa8 Core/Src/User/Battery_Task.o
 .debug_macro   0x0000000000000ca4       0x2e Core/Src/User/Battery_Task.o
 .debug_macro   0x0000000000000cd2       0x28 Core/Src/User/Battery_Task.o
 .debug_macro   0x0000000000000cfa       0x22 Core/Src/User/Battery_Task.o
 .debug_macro   0x0000000000000d1c       0x8e Core/Src/User/Battery_Task.o
 .debug_macro   0x0000000000000daa       0x51 Core/Src/User/Battery_Task.o
 .debug_macro   0x0000000000000dfb      0x103 Core/Src/User/Battery_Task.o
 .debug_macro   0x0000000000000efe       0x6a Core/Src/User/Battery_Task.o
 .debug_macro   0x0000000000000f68      0x1df Core/Src/User/Battery_Task.o
 .debug_macro   0x0000000000001147       0x1c Core/Src/User/Battery_Task.o
 .debug_macro   0x0000000000001163       0x22 Core/Src/User/Battery_Task.o
 .debug_macro   0x0000000000001185       0xdf Core/Src/User/Battery_Task.o
 .debug_macro   0x0000000000001264      0xf07 Core/Src/User/Battery_Task.o
 .debug_macro   0x000000000000216b    0x110e1 Core/Src/User/Battery_Task.o
 .debug_macro   0x000000000001324c       0x43 Core/Src/User/Battery_Task.o
 .debug_macro   0x000000000001328f      0x163 Core/Src/User/Battery_Task.o
 .debug_macro   0x00000000000133f2     0x35e9 Core/Src/User/Battery_Task.o
 .debug_macro   0x00000000000169db      0x174 Core/Src/User/Battery_Task.o
 .debug_macro   0x0000000000016b4f       0x55 Core/Src/User/Battery_Task.o
 .debug_macro   0x0000000000016ba4      0x8f9 Core/Src/User/Battery_Task.o
 .debug_macro   0x000000000001749d      0x41b Core/Src/User/Battery_Task.o
 .debug_macro   0x00000000000178b8      0x12f Core/Src/User/Battery_Task.o
 .debug_macro   0x00000000000179e7      0x161 Core/Src/User/Battery_Task.o
 .debug_macro   0x0000000000017b48      0x1d5 Core/Src/User/Battery_Task.o
 .debug_macro   0x0000000000017d1d      0x1bc Core/Src/User/Battery_Task.o
 .debug_macro   0x0000000000017ed9       0x34 Core/Src/User/Battery_Task.o
 .debug_macro   0x0000000000017f0d       0x3c Core/Src/User/Battery_Task.o
 .debug_macro   0x0000000000017f49       0x57 Core/Src/User/Battery_Task.o
 .debug_macro   0x0000000000017fa0      0x7b9 Core/Src/User/Battery_Task.o
 .debug_macro   0x0000000000018759       0x77 Core/Src/User/Battery_Task.o
 .debug_macro   0x00000000000187d0      0x408 Core/Src/User/Battery_Task.o
 .debug_macro   0x0000000000018bd8      0x176 Core/Src/User/Battery_Task.o
 .debug_macro   0x0000000000018d4e       0x4e Core/Src/User/Battery_Task.o
 .debug_macro   0x0000000000018d9c       0xc5 Core/Src/User/Battery_Task.o
 .debug_macro   0x0000000000018e61      0x19f Core/Src/User/Battery_Task.o
 .debug_macro   0x0000000000019000      0x22c Core/Src/User/Battery_Task.o
 .debug_macro   0x000000000001922c       0x5b Core/Src/User/Battery_Task.o
 .debug_macro   0x0000000000019287       0xa5 Core/Src/User/Battery_Task.o
 .debug_macro   0x000000000001932c       0x81 Core/Src/User/Battery_Task.o
 .debug_macro   0x00000000000193ad       0xd3 Core/Src/User/Battery_Task.o
 .debug_macro   0x0000000000019480      0x5a5 Core/Src/User/Battery_Task.o
 .debug_macro   0x0000000000019a25       0x44 Core/Src/User/Battery_Task.o
 .debug_macro   0x0000000000019a69      0x1f7 Core/Src/User/Battery_Task.o
 .debug_macro   0x0000000000019c60       0x1c Core/Src/User/Battery_Task.o
 .debug_macro   0x0000000000019c7c      0x352 Core/Src/User/Buzzer_Task.o
 .debug_macro   0x0000000000019fce       0x52 Core/Src/User/Buzzer_Task.o
 .debug_macro   0x000000000001a020       0x18 Core/Src/User/Buzzer_Task.o
 .debug_macro   0x000000000001a038       0x3c Core/Src/User/Buzzer_Task.o
 .debug_macro   0x000000000001a074       0x34 Core/Src/User/Buzzer_Task.o
 .debug_macro   0x000000000001a0a8       0x16 Core/Src/User/Buzzer_Task.o
 .debug_macro   0x000000000001a0be       0x35 Core/Src/User/Buzzer_Task.o
 .debug_macro   0x000000000001a0f3      0x333 Core/Src/User/Buzzer_Task.o
 .debug_macro   0x000000000001a426       0x10 Core/Src/User/Buzzer_Task.o
 .debug_macro   0x000000000001a436       0x16 Core/Src/User/Buzzer_Task.o
 .debug_macro   0x000000000001a44c       0x43 Core/Src/User/Buzzer_Task.o
 .debug_macro   0x000000000001a48f       0x34 Core/Src/User/Buzzer_Task.o
 .debug_macro   0x000000000001a4c3       0x10 Core/Src/User/Buzzer_Task.o
 .debug_macro   0x000000000001a4d3       0x58 Core/Src/User/Buzzer_Task.o
 .debug_macro   0x000000000001a52b       0x71 Core/Src/User/Buzzer_Task.o
 .debug_macro   0x000000000001a59c       0x1c Core/Src/User/Buzzer_Task.o
 .debug_macro   0x000000000001a5b8      0x12a Core/Src/User/Buzzer_Task.o
 .debug_macro   0x000000000001a6e2       0x10 Core/Src/User/Buzzer_Task.o
 .debug_macro   0x000000000001a6f2       0x1c Core/Src/User/Buzzer_Task.o
 .debug_macro   0x000000000001a70e       0x52 Core/Src/User/Buzzer_Task.o
 .debug_macro   0x000000000001a760       0x22 Core/Src/User/Buzzer_Task.o
 .debug_macro   0x000000000001a782       0x10 Core/Src/User/Buzzer_Task.o
 .debug_macro   0x000000000001a792       0x40 Core/Src/User/Buzzer_Task.o
 .debug_macro   0x000000000001a7d2       0xd5 Core/Src/User/Buzzer_Task.o
 .debug_macro   0x000000000001a8a7       0x1c Core/Src/User/Buzzer_Task.o
 .debug_macro   0x000000000001a8c3       0x3d Core/Src/User/Buzzer_Task.o
 .debug_macro   0x000000000001a900       0x16 Core/Src/User/Buzzer_Task.o
 .debug_macro   0x000000000001a916      0x145 Core/Src/User/Buzzer_Task.o
 .debug_macro   0x000000000001aa5b       0x6d Core/Src/User/Char_Convert.o
 .debug_macro   0x000000000001aac8      0x365 Core/Src/User/GPIO_Task.o
 .debug_macro   0x000000000001ae2d      0x1fb Core/Src/User/Speed_Task.o
 .debug_macro   0x000000000001b028       0x16 Core/Src/User/Speed_Task.o
 .debug_macro   0x000000000001b03e      0x378 Core/Src/User/Timer_Task.o
 .debug_macro   0x000000000001b3b6       0x97 Core/Src/User/Timer_Task.o
 .debug_macro   0x000000000001b44d      0x339 Core/Src/User/Timer_Task.o
 .debug_macro   0x000000000001b786       0xfd Core/Src/User/Timer_Task.o
 .debug_macro   0x000000000001b883       0xd9 Core/Src/User/Timer_Task.o
 .debug_macro   0x000000000001b95c       0x4f Core/Src/User/Timer_Task.o
 .debug_macro   0x000000000001b9ab      0x219 Core/Src/User/UART_Task.o
 .debug_macro   0x000000000001bbc4      0x391 Core/Src/main.o
 .debug_macro   0x000000000001bf55       0x40 Core/Src/main.o
 .debug_macro   0x000000000001bf95      0x1f8 Core/Src/stm32f3xx_hal_msp.o
 .debug_macro   0x000000000001c18d      0x228 Core/Src/stm32f3xx_it.o
 .debug_macro   0x000000000001c3b5      0x1e9 Core/Src/system_stm32f3xx.o
 .debug_macro   0x000000000001c59e      0x20d Drivers/STM32F3xx_HAL_Driver/Src/stm32f3xx_hal.o
 .debug_macro   0x000000000001c7ab      0x213 Drivers/STM32F3xx_HAL_Driver/Src/stm32f3xx_hal_adc_ex.o
 .debug_macro   0x000000000001c9be      0x1f1 Drivers/STM32F3xx_HAL_Driver/Src/stm32f3xx_hal_can.o
 .debug_macro   0x000000000001cbaf      0x1e9 Drivers/STM32F3xx_HAL_Driver/Src/stm32f3xx_hal_cortex.o
 .debug_macro   0x000000000001cd98      0x1ea Drivers/STM32F3xx_HAL_Driver/Src/stm32f3xx_hal_dac.o
 .debug_macro   0x000000000001cf82      0x1e9 Drivers/STM32F3xx_HAL_Driver/Src/stm32f3xx_hal_dac_ex.o
 .debug_macro   0x000000000001d16b      0x1e9 Drivers/STM32F3xx_HAL_Driver/Src/stm32f3xx_hal_dma.o
 .debug_macro   0x000000000001d354      0x221 Drivers/STM32F3xx_HAL_Driver/Src/stm32f3xx_hal_gpio.o
 .debug_macro   0x000000000001d575      0x20d Drivers/STM32F3xx_HAL_Driver/Src/stm32f3xx_hal_rcc.o
 .debug_macro   0x000000000001d782      0x1e9 Drivers/STM32F3xx_HAL_Driver/Src/stm32f3xx_hal_rcc_ex.o
 .debug_macro   0x000000000001d96b      0x206 Drivers/STM32F3xx_HAL_Driver/Src/stm32f3xx_hal_uart.o
 .debug_macro   0x000000000001db71      0x1e9 Drivers/STM32F3xx_HAL_Driver/Src/stm32f3xx_hal_uart_ex.o

.debug_line     0x0000000000000000    0x11817
 .debug_line    0x0000000000000000      0x7e2 Core/Src/User/Battery_Task.o
 .debug_line    0x00000000000007e2      0x987 Core/Src/User/Buzzer_Task.o
 .debug_line    0x0000000000001169      0x3e8 Core/Src/User/Char_Convert.o
 .debug_line    0x0000000000001551      0xb6d Core/Src/User/GPIO_Task.o
 .debug_line    0x00000000000020be      0x896 Core/Src/User/Speed_Task.o
 .debug_line    0x0000000000002954      0x9ee Core/Src/User/Timer_Task.o
 .debug_line    0x0000000000003342      0x942 Core/Src/User/UART_Task.o
 .debug_line    0x0000000000003c84      0xcaf Core/Src/main.o
 .debug_line    0x0000000000004933      0x8c1 Core/Src/stm32f3xx_hal_msp.o
 .debug_line    0x00000000000051f4      0x943 Core/Src/stm32f3xx_it.o
 .debug_line    0x0000000000005b37      0x7a1 Core/Src/system_stm32f3xx.o
 .debug_line    0x00000000000062d8       0x88 Core/Startup/startup_stm32f302r8tx.o
 .debug_line    0x0000000000006360      0x9d6 Drivers/STM32F3xx_HAL_Driver/Src/stm32f3xx_hal.o
 .debug_line    0x0000000000006d36     0x1b81 Drivers/STM32F3xx_HAL_Driver/Src/stm32f3xx_hal_adc_ex.o
 .debug_line    0x00000000000088b7     0x1175 Drivers/STM32F3xx_HAL_Driver/Src/stm32f3xx_hal_can.o
 .debug_line    0x0000000000009a2c      0xbbe Drivers/STM32F3xx_HAL_Driver/Src/stm32f3xx_hal_cortex.o
 .debug_line    0x000000000000a5ea      0x91e Drivers/STM32F3xx_HAL_Driver/Src/stm32f3xx_hal_dac.o
 .debug_line    0x000000000000af08      0xa63 Drivers/STM32F3xx_HAL_Driver/Src/stm32f3xx_hal_dac_ex.o
 .debug_line    0x000000000000b96b      0xcc4 Drivers/STM32F3xx_HAL_Driver/Src/stm32f3xx_hal_dma.o
 .debug_line    0x000000000000c62f      0xb2d Drivers/STM32F3xx_HAL_Driver/Src/stm32f3xx_hal_gpio.o
 .debug_line    0x000000000000d15c     0x13b0 Drivers/STM32F3xx_HAL_Driver/Src/stm32f3xx_hal_rcc.o
 .debug_line    0x000000000000e50c      0xc14 Drivers/STM32F3xx_HAL_Driver/Src/stm32f3xx_hal_rcc_ex.o
 .debug_line    0x000000000000f120     0x1c5a Drivers/STM32F3xx_HAL_Driver/Src/stm32f3xx_hal_uart.o
 .debug_line    0x0000000000010d7a      0xa9d Drivers/STM32F3xx_HAL_Driver/Src/stm32f3xx_hal_uart_ex.o

.debug_str      0x0000000000000000    0xa7463
 .debug_str     0x0000000000000000    0x9f5d6 Core/Src/User/Battery_Task.o
                                      0x9f885 (size before relaxing)
 .debug_str     0x000000000009f5d6     0x4133 Core/Src/User/Buzzer_Task.o
                                      0xa3786 (size before relaxing)
 .debug_str     0x00000000000a3709       0x58 Core/Src/User/Char_Convert.o
                                       0x3d1e (size before relaxing)
 .debug_str     0x00000000000a3761      0x1ed Core/Src/User/GPIO_Task.o
                                      0xa3a0b (size before relaxing)
 .debug_str     0x00000000000a394e      0x3c8 Core/Src/User/Speed_Task.o
                                      0x9fca1 (size before relaxing)
 .debug_str     0x00000000000a3d16       0x97 Core/Src/User/Timer_Task.o
                                      0xa39a4 (size before relaxing)
 .debug_str     0x00000000000a3dad      0x108 Core/Src/User/UART_Task.o
                                      0x9f9ea (size before relaxing)
 .debug_str     0x00000000000a3eb5      0xc15 Core/Src/main.o
                                      0xa4c66 (size before relaxing)
 .debug_str     0x00000000000a4aca       0xc1 Core/Src/stm32f3xx_hal_msp.o
                                      0xa04ae (size before relaxing)
 .debug_str     0x00000000000a4b8b      0x103 Core/Src/stm32f3xx_it.o
                                      0x9fef0 (size before relaxing)
 .debug_str     0x00000000000a4c8e       0xb3 Core/Src/system_stm32f3xx.o
                                      0x9f699 (size before relaxing)
 .debug_str     0x00000000000a4d41       0x36 Core/Startup/startup_stm32f302r8tx.o
                                         0x6c (size before relaxing)
 .debug_str     0x00000000000a4d77      0x317 Drivers/STM32F3xx_HAL_Driver/Src/stm32f3xx_hal.o
                                      0x9fd51 (size before relaxing)
 .debug_str     0x00000000000a508e      0x77c Drivers/STM32F3xx_HAL_Driver/Src/stm32f3xx_hal_adc_ex.o
                                      0xa020d (size before relaxing)
 .debug_str     0x00000000000a580a      0x56e Drivers/STM32F3xx_HAL_Driver/Src/stm32f3xx_hal_can.o
                                      0x9fe40 (size before relaxing)
 .debug_str     0x00000000000a5d78      0x249 Drivers/STM32F3xx_HAL_Driver/Src/stm32f3xx_hal_cortex.o
                                      0x9fd32 (size before relaxing)
 .debug_str     0x00000000000a5fc1      0x188 Drivers/STM32F3xx_HAL_Driver/Src/stm32f3xx_hal_dac.o
                                      0x9fad9 (size before relaxing)
 .debug_str     0x00000000000a6149       0xef Drivers/STM32F3xx_HAL_Driver/Src/stm32f3xx_hal_dac_ex.o
                                      0x9fa8d (size before relaxing)
 .debug_str     0x00000000000a6238      0x248 Drivers/STM32F3xx_HAL_Driver/Src/stm32f3xx_hal_dma.o
                                      0x9fa13 (size before relaxing)
 .debug_str     0x00000000000a6480      0x224 Drivers/STM32F3xx_HAL_Driver/Src/stm32f3xx_hal_gpio.o
                                      0x9f908 (size before relaxing)
 .debug_str     0x00000000000a66a4      0x2e9 Drivers/STM32F3xx_HAL_Driver/Src/stm32f3xx_hal_rcc.o
                                      0x9fb07 (size before relaxing)
 .debug_str     0x00000000000a698d       0xd8 Drivers/STM32F3xx_HAL_Driver/Src/stm32f3xx_hal_rcc_ex.o
                                      0x9f8a0 (size before relaxing)
 .debug_str     0x00000000000a6a65      0x857 Drivers/STM32F3xx_HAL_Driver/Src/stm32f3xx_hal_uart.o
                                      0xa02f4 (size before relaxing)
 .debug_str     0x00000000000a72bc      0x1a7 Drivers/STM32F3xx_HAL_Driver/Src/stm32f3xx_hal_uart_ex.o
                                      0x9fbdd (size before relaxing)

.comment        0x0000000000000000       0x53
 .comment       0x0000000000000000       0x53 Core/Src/User/Battery_Task.o
                                         0x54 (size before relaxing)
 .comment       0x0000000000000053       0x54 Core/Src/User/Buzzer_Task.o
 .comment       0x0000000000000053       0x54 Core/Src/User/Char_Convert.o
 .comment       0x0000000000000053       0x54 Core/Src/User/GPIO_Task.o
 .comment       0x0000000000000053       0x54 Core/Src/User/Speed_Task.o
 .comment       0x0000000000000053       0x54 Core/Src/User/Timer_Task.o
 .comment       0x0000000000000053       0x54 Core/Src/User/UART_Task.o
 .comment       0x0000000000000053       0x54 Core/Src/main.o
 .comment       0x0000000000000053       0x54 Core/Src/stm32f3xx_hal_msp.o
 .comment       0x0000000000000053       0x54 Core/Src/stm32f3xx_it.o
 .comment       0x0000000000000053       0x54 Core/Src/system_stm32f3xx.o
 .comment       0x0000000000000053       0x54 Drivers/STM32F3xx_HAL_Driver/Src/stm32f3xx_hal.o
 .comment       0x0000000000000053       0x54 Drivers/STM32F3xx_HAL_Driver/Src/stm32f3xx_hal_adc_ex.o
 .comment       0x0000000000000053       0x54 Drivers/STM32F3xx_HAL_Driver/Src/stm32f3xx_hal_can.o
 .comment       0x0000000000000053       0x54 Drivers/STM32F3xx_HAL_Driver/Src/stm32f3xx_hal_cortex.o
 .comment       0x0000000000000053       0x54 Drivers/STM32F3xx_HAL_Driver/Src/stm32f3xx_hal_dac.o
 .comment       0x0000000000000053       0x54 Drivers/STM32F3xx_HAL_Driver/Src/stm32f3xx_hal_dac_ex.o
 .comment       0x0000000000000053       0x54 Drivers/STM32F3xx_HAL_Driver/Src/stm32f3xx_hal_dma.o
 .comment       0x0000000000000053       0x54 Drivers/STM32F3xx_HAL_Driver/Src/stm32f3xx_hal_gpio.o
 .comment       0x0000000000000053       0x54 Drivers/STM32F3xx_HAL_Driver/Src/stm32f3xx_hal_rcc.o
 .comment       0x0000000000000053       0x54 Drivers/STM32F3xx_HAL_Driver/Src/stm32f3xx_hal_rcc_ex.o
 .comment       0x0000000000000053       0x54 Drivers/STM32F3xx_HAL_Driver/Src/stm32f3xx_hal_uart.o
 .comment       0x0000000000000053       0x54 Drivers/STM32F3xx_HAL_Driver/Src/stm32f3xx_hal_uart_ex.o

.debug_frame    0x0000000000000000     0x3370
 .debug_frame   0x0000000000000000       0x60 Core/Src/User/Battery_Task.o
 .debug_frame   0x0000000000000060       0x70 Core/Src/User/Buzzer_Task.o
 .debug_frame   0x00000000000000d0       0x38 Core/Src/User/Char_Convert.o
 .debug_frame   0x0000000000000108      0x274 Core/Src/User/GPIO_Task.o
 .debug_frame   0x000000000000037c       0xa4 Core/Src/User/Speed_Task.o
 .debug_frame   0x0000000000000420       0x2c Core/Src/User/Timer_Task.o
 .debug_frame   0x000000000000044c      0x140 Core/Src/User/UART_Task.o
 .debug_frame   0x000000000000058c      0x184 Core/Src/main.o
 .debug_frame   0x0000000000000710      0x154 Core/Src/stm32f3xx_hal_msp.o
 .debug_frame   0x0000000000000864      0x198 Core/Src/stm32f3xx_it.o
 .debug_frame   0x00000000000009fc       0x58 Core/Src/system_stm32f3xx.o
 .debug_frame   0x0000000000000a54      0x334 Drivers/STM32F3xx_HAL_Driver/Src/stm32f3xx_hal.o
 .debug_frame   0x0000000000000d88      0x57c Drivers/STM32F3xx_HAL_Driver/Src/stm32f3xx_hal_adc_ex.o
 .debug_frame   0x0000000000001304      0x5a0 Drivers/STM32F3xx_HAL_Driver/Src/stm32f3xx_hal_can.o
 .debug_frame   0x00000000000018a4      0x428 Drivers/STM32F3xx_HAL_Driver/Src/stm32f3xx_hal_cortex.o
 .debug_frame   0x0000000000001ccc      0x2d4 Drivers/STM32F3xx_HAL_Driver/Src/stm32f3xx_hal_dac.o
 .debug_frame   0x0000000000001fa0      0x1dc Drivers/STM32F3xx_HAL_Driver/Src/stm32f3xx_hal_dac_ex.o
 .debug_frame   0x000000000000217c      0x224 Drivers/STM32F3xx_HAL_Driver/Src/stm32f3xx_hal_dma.o
 .debug_frame   0x00000000000023a0      0x14c Drivers/STM32F3xx_HAL_Driver/Src/stm32f3xx_hal_gpio.o
 .debug_frame   0x00000000000024ec      0x214 Drivers/STM32F3xx_HAL_Driver/Src/stm32f3xx_hal_rcc.o
 .debug_frame   0x0000000000002700       0xb4 Drivers/STM32F3xx_HAL_Driver/Src/stm32f3xx_hal_rcc_ex.o
 .debug_frame   0x00000000000027b4      0x9e0 Drivers/STM32F3xx_HAL_Driver/Src/stm32f3xx_hal_uart.o
 .debug_frame   0x0000000000003194      0x190 Drivers/STM32F3xx_HAL_Driver/Src/stm32f3xx_hal_uart_ex.o
 .debug_frame   0x0000000000003324       0x2c c:/st/stm32cubeide_1.6.0/stm32cubeide/plugins/com.st.stm32cube.ide.mcu.externaltools.gnu-tools-for-stm32.9-2020-q2-update.win32_1.5.0.202011040924/tools/bin/../lib/gcc/arm-none-eabi/9.3.1/../../../../arm-none-eabi/lib/thumb/v7e-m+fp/hard\libc_nano.a(lib_a-init.o)
 .debug_frame   0x0000000000003350       0x20 c:/st/stm32cubeide_1.6.0/stm32cubeide/plugins/com.st.stm32cube.ide.mcu.externaltools.gnu-tools-for-stm32.9-2020-q2-update.win32_1.5.0.202011040924/tools/bin/../lib/gcc/arm-none-eabi/9.3.1/../../../../arm-none-eabi/lib/thumb/v7e-m+fp/hard\libc_nano.a(lib_a-memset.o)
